BL51 BANKED LINKER/LOCATER V6.22                                                        01/31/2019  14:05:10  PAGE 1


BL51 BANKED LINKER/LOCATER V6.22, INVOKED BY:
C:\KEIL\C51\BIN\BL51.EXE .\STARTUP.obj, .\main.obj, .\Proc_Data.obj, .\Proc_EXmem.obj, .\Proc_System_Check.obj, .\Proc_S
>> ystem_Initialize.obj, .\Proc_System_Interrupt.obj, .\Proc_System_Tou.obj, .\Drv_E2P_24CXXX.obj, .\Drv_E2P_i2cSoft.obj
>> , .\Drv_EMU_hard.obj, .\Lnk_EMU_handl.obj, .\Drv_ADC.obj, .\Drv_core.obj, .\Drv_GPIO.obj, .\Drv_KEY_IO.obj, .\Drv_LCD
>> .obj, .\Drv_RTC.obj, .\Drv_TMR.obj, .\Drv_UART.obj, .\Lnk_EMU_Adj.obj, .\Lib_myMath.obj, .\Lib_mySpring.obj, .\Lib_my
>> Timer.obj, .\Api_Bill_Record.obj, .\Api_Demand.obj, .\Api_Energy.obj, .\Api_Event.obj, .\Api_Measure.obj, .\Api_Triff
>> .obj, .\Api_LoadProfile.obj, .\Api_Lcd_Display.obj, .\Api_User_Comm.obj, .\IEC62056_21.obj TO DL03C_V9811A_V01 RAMSIZ
>> E (256) DISABLEWARNING (16)


MEMORY MODEL: LARGE WITH FLOATING POINT ARITHMETIC


INPUT MODULES INCLUDED:
  .\STARTUP.obj (?C_STARTUP)
  .\main.obj (MAIN)
  .\Proc_Data.obj (PROC_DATA)
  .\Proc_EXmem.obj (PROC_EXMEM)
  .\Proc_System_Check.obj (PROC_SYSTEM_CHECK)
  .\Proc_System_Initialize.obj (PROC_SYSTEM_INITIALIZE)
  .\Proc_System_Interrupt.obj (PROC_SYSTEM_INTERRUPT)
  .\Proc_System_Tou.obj (PROC_SYSTEM_TOU)
  .\Drv_E2P_24CXXX.obj (DRV_E2P_24CXXX)
  .\Drv_E2P_i2cSoft.obj (DRV_E2P_I2CSOFT)
  .\Drv_EMU_hard.obj (DRV_EMU_HARD)
  .\Lnk_EMU_handl.obj (LNK_EMU_HANDL)
  .\Drv_ADC.obj (DRV_ADC)
  .\Drv_core.obj (DRV_CORE)
  .\Drv_GPIO.obj (DRV_GPIO)
  .\Drv_KEY_IO.obj (DRV_KEY_IO)
  .\Drv_LCD.obj (DRV_LCD)
  .\Drv_RTC.obj (DRV_RTC)
  .\Drv_TMR.obj (DRV_TMR)
  .\Drv_UART.obj (DRV_UART)
  .\Lnk_EMU_Adj.obj (LNK_EMU_ADJ)
  .\Lib_myMath.obj (LIB_MYMATH)
  .\Lib_mySpring.obj (LIB_MYSPRING)
  .\Lib_myTimer.obj (LIB_MYTIMER)
  .\Api_Bill_Record.obj (API_BILL_RECORD)
  .\Api_Demand.obj (API_DEMAND)
  .\Api_Energy.obj (API_ENERGY)
  .\Api_Event.obj (API_EVENT)
  .\Api_Measure.obj (API_MEASURE)
  .\Api_Triff.obj (API_TRIFF)
  .\Api_LoadProfile.obj (API_LOADPROFILE)
  .\Api_Lcd_Display.obj (API_LCD_DISPLAY)
  .\Api_User_Comm.obj (API_USER_COMM)
  .\IEC62056_21.obj (IEC62056_21)
  C:\KEIL\C51\LIB\C51FPL.LIB (?C?FPADD)
  C:\KEIL\C51\LIB\C51FPL.LIB (?C?FPMUL)
  C:\KEIL\C51\LIB\C51FPL.LIB (?C?FPDIV)
  C:\KEIL\C51\LIB\C51FPL.LIB (?C?FPCMP)
  C:\KEIL\C51\LIB\C51FPL.LIB (?C?FCAST)
  C:\KEIL\C51\LIB\C51FPL.LIB (?C?CASTF)
  C:\KEIL\C51\LIB\C51FPL.LIB (SQRT)
  C:\KEIL\C51\LIB\C51FPL.LIB (FLOOR)
  C:\KEIL\C51\LIB\C51FPL.LIB (?C?FPGETOPN)
  C:\KEIL\C51\LIB\C51L.LIB (?C_INIT)
BL51 BANKED LINKER/LOCATER V6.22                                                      01/31/2019  14:05:10  PAGE 2


  C:\KEIL\C51\LIB\C51L.LIB (?C?CLDPTR)
  C:\KEIL\C51\LIB\C51L.LIB (?C?CLDOPTR)
  C:\KEIL\C51\LIB\C51L.LIB (?C?CILDPTR)
  C:\KEIL\C51\LIB\C51L.LIB (?C?CSTPTR)
  C:\KEIL\C51\LIB\C51L.LIB (?C?CSTOPTR)
  C:\KEIL\C51\LIB\C51L.LIB (?C?IMUL)
  C:\KEIL\C51\LIB\C51L.LIB (?C?UIDIV)
  C:\KEIL\C51\LIB\C51L.LIB (?C?SIDIV)
  C:\KEIL\C51\LIB\C51L.LIB (?C?IILDX)
  C:\KEIL\C51\LIB\C51L.LIB (?C?ILDIX)
  C:\KEIL\C51\LIB\C51L.LIB (?C?ISTPTR)
  C:\KEIL\C51\LIB\C51L.LIB (?C?LMUL)
  C:\KEIL\C51\LIB\C51L.LIB (?C?ULDIV)
  C:\KEIL\C51\LIB\C51L.LIB (?C?LNOT)
  C:\KEIL\C51\LIB\C51L.LIB (?C?LNEG)
  C:\KEIL\C51\LIB\C51L.LIB (?C?SLCMP)
  C:\KEIL\C51\LIB\C51L.LIB (?C?ULCMP)
  C:\KEIL\C51\LIB\C51L.LIB (?C?ULSHR)
  C:\KEIL\C51\LIB\C51L.LIB (?C?LSHL)
  C:\KEIL\C51\LIB\C51L.LIB (?C?LLDPTR)
  C:\KEIL\C51\LIB\C51L.LIB (?C?LLDXDATA)
  C:\KEIL\C51\LIB\C51L.LIB (?C?LLDCODE)
  C:\KEIL\C51\LIB\C51L.LIB (?C?LLDCODE0)
  C:\KEIL\C51\LIB\C51L.LIB (?C?LSTXDATA)
  C:\KEIL\C51\LIB\C51L.LIB (?C?LSTKXDATA)
  C:\KEIL\C51\LIB\C51L.LIB (?C?OFFXADD)
  C:\KEIL\C51\LIB\C51L.LIB (?C?PSTPTR)
  C:\KEIL\C51\LIB\C51L.LIB (?C?ICASE)
  C:\KEIL\C51\LIB\C51L.LIB (?C?LCASE)
  C:\KEIL\C51\LIB\C51L.LIB (?C?LIMUL)
  C:\KEIL\C51\LIB\C51L.LIB (?C?LLDIDATA)
  C:\KEIL\C51\LIB\C51L.LIB (?C?LLDPDATA)
  C:\KEIL\C51\LIB\C51L.LIB (?C?PSTIDATA)
  C:\KEIL\C51\LIB\C51L.LIB (?C?PSTXDATA)
  C:\KEIL\C51\LIB\C51L.LIB (?C?PSTPDATA)


LINK MAP OF MODULE:  DL03C_V9811A_V01 (?C_STARTUP)


            TYPE    BASE      LENGTH    RELOCATION   SEGMENT NAME
            -----------------------------------------------------

            * * * * * * *   D A T A   M E M O R Y   * * * * * * *
            REG     0000H     0008H     ABSOLUTE     "REG BANK 0"
            DATA    0008H     0002H     UNIT         _DATA_GROUP_
                    000AH     0006H                  *** GAP ***
            REG     0010H     0008H     ABSOLUTE     "REG BANK 2"
                    0018H     0008H                  *** GAP ***
            BIT     0020H.0   0000H.1   UNIT         _BIT_GROUP_
                    0020H.1   0000H.7                *** GAP ***
            IDATA   0021H     0001H     UNIT         ?STACK

            * * * * * * *  X D A T A   M E M O R Y  * * * * * * *
            XDATA   0000H     02B7H     UNIT         _XDATA_GROUP_
            XDATA   02B7H     00D8H     UNIT         ?XD?DRV_UART
            XDATA   038FH     009CH     UNIT         ?XD?_API_PWL_COVER_EVEN_CLASS_RECODE?API_EVENT
BL51 BANKED LINKER/LOCATER V6.22                                                      01/31/2019  14:05:10  PAGE 3


            XDATA   042BH     008FH     UNIT         ?XD?API_DEMAND
            XDATA   04BAH     005EH     UNIT         ?XD?API_LCD_DISPLAY
            XDATA   0518H     0041H     UNIT         ?XD?API_ENERGY
            XDATA   0559H     0038H     UNIT         ?XD?LNK_EMU_ADJ
            XDATA   0591H     002EH     UNIT         ?XD?LIB_MYMATH
            XDATA   05BFH     0024H     UNIT         ?XD?API_MEASURE
            XDATA   05E3H     0024H     UNIT         ?XD?API_USER_COMM
            XDATA   0607H     0019H     UNIT         ?XD?API_LOADPROFILE
            XDATA   0620H     000FH     UNIT         ?XD?PROC_SYSTEM_TOU
            XDATA   062FH     000FH     UNIT         ?XD?_GET_ORIGINAL_IRMS?LNK_EMU_ADJ
            XDATA   063EH     000CH     UNIT         ?XD?API_EVENT
            XDATA   064AH     000AH     UNIT         ?XD?_LIB_ASC_BCD?LIB_MYMATH
            XDATA   0654H     000AH     UNIT         ?XD?_LIB_BCD_ASC?LIB_MYMATH
            XDATA   065EH     0009H     UNIT         ?XD?PROC_DATA
            XDATA   0667H     0009H     UNIT         ?XD?_SOFTADJUST_DLXPROCESS?LNK_EMU_ADJ
            XDATA   0670H     0005H     UNIT         ?XD?PROC_SYSTEM_CHECK
            XDATA   0675H     0005H     UNIT         ?XD?_LIB_ENOB_GET?LIB_MYMATH
            XDATA   067AH     0005H     UNIT         ?XD?_LIB_MATH_GET_BCC_CHK?LIB_MYMATH
            XDATA   067FH     0005H     UNIT         ?XD?_API_DEAL_EVEN_CLASS1_RECODE?API_EVENT
            XDATA   0684H     0004H     UNIT         ?XD?SAMLPE_TEMPERATUREADC?DRV_ADC
            XDATA   0688H     0004H     UNIT         ?XD?API_TRIFF
            XDATA   068CH     0003H     UNIT         ?XD?LNK_EMU_HANDL
            XDATA   068FH     0003H     UNIT         ?XD?_LIB_BCD4_LONG?LIB_MYMATH
            XDATA   0692H     0003H     UNIT         ?XD?_LIB_BCD_INC?LIB_MYMATH
            XDATA   0695H     0003H     UNIT         ?XD?_LIB_BCD_ARRY_ADD1?LIB_MYMATH
            XDATA   0698H     0003H     UNIT         ?XD?_LIB_MVHALFBYTE_R?LIB_MYSPRING
            XDATA   069BH     0003H     UNIT         ?XD?_LIB_MVHALFBYTE_L?LIB_MYSPRING
            XDATA   069EH     0001H     UNIT         ?XD?MAIN

            * * * * * * *   C O D E   M E M O R Y   * * * * * * *
            CODE    0000H     0003H     ABSOLUTE     
            CODE    0003H     0003H     ABSOLUTE     
            CODE    0006H     0005H     UNIT         ?PR?LCD_OFF?DRV_LCD
            CODE    000BH     0003H     ABSOLUTE     
            CODE    000EH     0005H     UNIT         ?PR?START_TIMER?DRV_TMR
            CODE    0013H     0003H     ABSOLUTE     
            CODE    0016H     0005H     UNIT         ?PR?STOP_TIMER?DRV_TMR
            CODE    001BH     0003H     ABSOLUTE     
            CODE    001EH     000DH     UNIT         ?PR?API_EVEN_DETECT_LOWBATTERY?API_EVENT
            CODE    002BH     0003H     ABSOLUTE     
            CODE    002EH     000DH     UNIT         ?PR?API_EVEN_DETECT_L1REVERSE?API_EVENT
            CODE    003BH     0003H     ABSOLUTE     
            CODE    003EH     0005H     UNIT         ?PR?_GET_ERROR_ANSWER?IEC62056_21
            CODE    0043H     0003H     ABSOLUTE     
            CODE    0046H     0005H     UNIT         ?PR?_GET_ACK_ANSWER?IEC62056_21
            CODE    004BH     0003H     ABSOLUTE     
            CODE    004EH     0004H     UNIT         ?PR?INTERRUPT_INT0?PROC_SYSTEM_INTERRUPT
            CODE    0052H     0001H     UNIT         ?PR?PROC_CHECK_SYSTEM_PRE_CYCLE?PROC_SYSTEM_CHECK
            CODE    0053H     0003H     ABSOLUTE     
            CODE    0056H     0293H     UNIT         ?PR?LINK_GET_DIS_CHAR_BUFF?API_LCD_DISPLAY
            CODE    02E9H     0105H     UNIT         ?PR?_SOFTADJUST_DLXPROCESS?LNK_EMU_ADJ
            CODE    03EEH     0010H     UNIT         ?PR?E2P_IIC_INITAIL?DRV_E2P_I2CSOFT
                    03FEH     0002H                  *** GAP ***
            CODE    0400H     0201H     ABSOLUTE     
            CODE    0601H     0BF8H     UNIT         ?CO?API_USER_COMM
            CODE    11F9H     08E9H     UNIT         ?PR?_IEC_CMD_READ_DEAL?API_USER_COMM
            CODE    1AE2H     087EH     UNIT         ?C?LIB_CODE
BL51 BANKED LINKER/LOCATER V6.22                                                      01/31/2019  14:05:10  PAGE 4


            CODE    2360H     07CEH     UNIT         ?PR?_IEC_CMD_WRITE_DEAL?API_USER_COMM
            CODE    2B2EH     0626H     UNIT         ?PR?_LNK_SAVE_EVEN_CLASS1_RECODE?API_EVENT
            CODE    3154H     04ADH     UNIT         ?PR?_PROCESS_IEC62056_21?API_USER_COMM
            CODE    3601H     046CH     UNIT         ?PR?HARDWARE_ADJUSTDIV_SUB?LNK_EMU_ADJ
            CODE    3A6DH     0433H     UNIT         ?PR?_INIT_EMU?LNK_EMU_HANDL
            CODE    3EA0H     0420H     UNIT         ?PR?CAL_TEMPERATURE_DATA?DRV_ADC
            CODE    42C0H     0418H     UNIT         ?PR?_API_PWL_COVER_EVEN_CLASS_RECODE?API_EVENT
            CODE    46D8H     03F0H     UNIT         ?PR?LINK_GET_DIS_DATA_NUM_BUFF?API_LCD_DISPLAY
            CODE    4AC8H     03C7H     UNIT         ?PR?LINK_GET_DIS_DRV_BUFF?API_LCD_DISPLAY
            CODE    4E8FH     0283H     UNIT         ?PR?_LOAD_REC?API_LOADPROFILE
            CODE    5112H     0272H     UNIT         ?PR?API_ACCUM_CURRENT_ENERGY_DATA_PRE_SECOND?API_ENERGY
            CODE    5384H     025EH     UNIT         ?PR?_LPREC_READ_BLOCK?API_LOADPROFILE
            CODE    55E2H     0258H     UNIT         ?PR?API_UPDATA_MD_VAR_SLID_PER_MINUTE?API_DEMAND
            CODE    583AH     0218H     UNIT         ?PR?INTERRUPT_EXINT2?PROC_SYSTEM_INTERRUPT
            CODE    5A52H     01D8H     UNIT         ?PR?_API_GET_BILL_RECORD_ADDR?API_BILL_RECORD
            CODE    5C2AH     01C7H     UNIT         ?CO?API_LCD_DISPLAY
            CODE    5DF1H     01C3H     UNIT         ?PR?API_CLR_BILL_DATA?API_BILL_RECORD
            CODE    5FB4H     01BEH     UNIT         ?PR?CHECK_EMU_ADJPARAM?LNK_EMU_ADJ
            CODE    6172H     01B0H     UNIT         ?PR?MEM_DB_CHECK?PROC_EXMEM
            CODE    6322H     01A2H     UNIT         ?PR?_API_GET_TRIFF_NO?API_TRIFF
            CODE    64C4H     0196H     UNIT         ?PR?_API_WRITE_BILL_DATA?API_BILL_RECORD
            CODE    665AH     018EH     UNIT         ?PR?API_HANDL_SETTLE_WHEN_POWERUP?API_BILL_RECORD
            CODE    67E8H     017DH     UNIT         ?PR?_SETRTCNORMAL?DRV_RTC
            CODE    6965H     017BH     UNIT         ?PR?_GET_IEC_COMM_VAR?API_USER_COMM
            CODE    6AE0H     0174H     UNIT         ?PR?CHECK_EMU_PER_SECOND?LNK_EMU_HANDL
            CODE    6C54H     016EH     UNIT         ?PR?_API_CMP_SAVE_MD_DATA?API_DEMAND
            CODE    6DC2H     0168H     UNIT         ?PR?_TX_UART_FRIST?DRV_UART
            CODE    6F2AH     0164H     UNIT         ?PR?HANDL_RTC_ADJ_PER_MINU?DRV_RTC
            CODE    708EH     015BH     UNIT         ?PR?_API_GET_ENERGY_LCD?API_LCD_DISPLAY
            CODE    71E9H     0154H     UNIT         ?PR?_LNK_CAL_EMU_CONSTSUM_PER_SECOND?LNK_EMU_HANDL
            CODE    733DH     014BH     UNIT         ?PR?_READMETERPARAACK?DRV_EMU_HARD
            CODE    7488H     0148H     UNIT         ?PR?_LNK_GET_EMU_ACTIVEPOWER?LNK_EMU_HANDL
            CODE    75D0H     0140H     UNIT         ?PR?_LNK_GET_EMU_CURRENT?LNK_EMU_HANDL
            CODE    7710H     0131H     UNIT         ?PR?API_MEASURE_DEAL_PRE_SECOND?API_MEASURE
            CODE    7841H     012FH     UNIT         ?PR?API_GET_SEASONTAB_NO?API_TRIFF
            CODE    7970H     012FH     UNIT         ?PR?_IEC_COMM_COMMAND_CMD_JUDGE?IEC62056_21
            CODE    7A9FH     012DH     UNIT         ?PR?_IEC_COMM_REQUEST_CMD_JUDGE?IEC62056_21
            CODE    7BCCH     0128H     UNIT         ?PR?_GET_ORIGINAL_POWER?LNK_EMU_ADJ
            CODE    7CF4H     0128H     UNIT         ?PR?_GET_ORIGINAL_IRMS?LNK_EMU_ADJ
            CODE    7E1CH     0125H     UNIT         ?PR?API_CLR_EVEN_BY_COMM?API_EVENT
            CODE    7F41H     011DH     UNIT         ?PR?_MEM_DB_WRITE?PROC_EXMEM
            CODE    805EH     011BH     UNIT         ?PR?_SOFTADJUST_IB_PROCESS?LNK_EMU_ADJ
            CODE    8179H     0103H     UNIT         ?PR?_CALCULATEAC?LNK_EMU_ADJ
            CODE    827CH     0101H     UNIT         ?PR?_GET_DEFAULT_MEM_DATA?PROC_EXMEM
            CODE    837DH     00FEH     UNIT         ?PR?_GETTOTALTIME?API_EVENT
            CODE    847BH     00FDH     UNIT         ?PR?_SOFTADJUST_PHASE_PROCESS?LNK_EMU_ADJ
            CODE    8578H     00FCH     UNIT         ?PR?_LINK_GET_DISTAB_VAR?API_LCD_DISPLAY
            CODE    8674H     00FAH     UNIT         ?PR?_WRITE_LCD?DRV_LCD
            CODE    876EH     00F0H     UNIT         ?PR?_LIB_CHECK_RTC_DATA_FORM?LIB_MYMATH
            CODE    885EH     00F0H     UNIT         ?PR?_FLOOR?FLOOR
            CODE    894EH     00EEH     UNIT         ?PR?PROC_JUDGE_POWER_DOWN_PROCESS?PROC_SYSTEM_INITIALIZE
            CODE    8A3CH     00EBH     UNIT         ?PR?_MEM_TO_MEM?PROC_EXMEM
            CODE    8B27H     00E9H     UNIT         ?PR?_IEC_CMD_PASSWORD_DEAL?API_USER_COMM
            CODE    8C10H     00E8H     UNIT         ?PR?_HDL_UART_10MS_RUN?DRV_UART
            CODE    8CF8H     00E4H     UNIT         ?PR?_SET_MCUCLOCK?DRV_CORE
            CODE    8DDCH     00E1H     UNIT         ?PR?_SOFTADJUST_IB5_PROCESS?LNK_EMU_ADJ
            CODE    8EBDH     00D3H     UNIT         ?PR?_LNK_TX_COMM_READY?API_USER_COMM
BL51 BANKED LINKER/LOCATER V6.22                                                      01/31/2019  14:05:10  PAGE 5


            CODE    8F90H     00D0H     UNIT         ?PR?_CALCULATESC?LNK_EMU_ADJ
            CODE    9060H     00CDH     UNIT         ?PR?_GET_UART_RX_BUFF?DRV_UART
            CODE    912DH     00CBH     UNIT         ?PR?_GET_IEC_COMM_OPERAND_ANSWER?IEC62056_21
            CODE    91F8H     00CAH     UNIT         ?PR?PROC_HANDL_TOU_1S?PROC_SYSTEM_TOU
            CODE    92C2H     00C9H     UNIT         ?PR?_LIB_BCD4_LONG?LIB_MYMATH
            CODE    938BH     00C6H     UNIT         ?PR?_GET_MEM_CK_DATA?PROC_EXMEM
            CODE    9451H     00C2H     UNIT         ?PR?_API_LCDDISPLAY_ADJ_ITEM?API_LCD_DISPLAY
            CODE    9513H     00C0H     UNIT         ?PR?_MEM_DB_CLR?PROC_EXMEM
            CODE    95D3H     00B8H     UNIT         ?PR?_API_DEAL_EVEN_CLASS_RECODE?API_EVENT
            CODE    968BH     00B8H     UNIT         ?PR?_API_DEAL_EVEN_CLASS1_RECODE?API_EVENT
            CODE    9743H     00B7H     UNIT         ?PR?_LIB_LONG_BCD4?LIB_MYMATH
            CODE    97FAH     00B7H     UNIT         ?PR?API_GET_NEXT_DIS_ITEM?API_LCD_DISPLAY
            CODE    98B1H     00B4H     UNIT         ?PR?_READ_EEPROM_PAGE_SUB?DRV_E2P_24CXXX
            CODE    9965H     00B0H     UNIT         ?PR?_SET_EMUCLOCK?DRV_CORE
            CODE    9A15H     00AFH     UNIT         ?PR?INIT_GPIO_RUN?DRV_GPIO
            CODE    9AC4H     00AFH     UNIT         ?PR?API_CHECK_CURRENT_ENERGY_DATA?API_ENERGY
            CODE    9B73H     00ADH     UNIT         ?PR?_LIB_REV_COPY_ARRY?LIB_MYSPRING
            CODE    9C20H     00ACH     UNIT         ?PR?SQRT?SQRT
            CODE    9CCCH     00ABH     UNIT         ?PR?_WRITE_EEPROM_PAGE_SUB?DRV_E2P_24CXXX
            CODE    9D77H     00ABH     UNIT         ?PR?_LPREC_READ_1?API_LOADPROFILE
            CODE    9E22H     00A0H     UNIT         ?PR?_READ_EEPROM?DRV_E2P_24CXXX
            CODE    9EC2H     00A0H     UNIT         ?PR?_API_GET_DAYTAB_NO?API_TRIFF
            CODE    9F62H     009EH     UNIT         ?PR?_MEM_FILL?PROC_EXMEM
            CODE    A000H     009EH     UNIT         ?PR?_SETMETERCFGACK?DRV_EMU_HARD
            CODE    A09EH     009DH     UNIT         ?PR?_WRITE_EEPROM?DRV_E2P_24CXXX
            CODE    A13BH     009BH     UNIT         ?PR?_MEM_WRITE?PROC_EXMEM
            CODE    A1D6H     009AH     UNIT         ?CO?API_TRIFF
            CODE    A270H     0099H     UNIT         ?PR?API_HANDL_DIS_KEY_10MS?API_LCD_DISPLAY
            CODE    A309H     0097H     UNIT         ?PR?PROC_GET_CLOCK?PROC_SYSTEM_TOU
            CODE    A3A0H     0097H     UNIT         ?PR?_LIB_GETGMDAY?LIB_MYMATH
            CODE    A437H     0097H     UNIT         ?PR?API_HANDL_SETTLE_PER_MINUTE?API_BILL_RECORD
            CODE    A4CEH     0095H     UNIT         ?PR?_LNK_GET_EMU_VOLTAGE?LNK_EMU_HANDL
            CODE    A563H     0094H     UNIT         ?PR?_MEM_READ?PROC_EXMEM
            CODE    A5F7H     0094H     UNIT         ?PR?LOADPRO_REC?API_LOADPROFILE
            CODE    A68BH     0091H     UNIT         ?PR?_GET_MEM_TABLE_INDEX?PROC_EXMEM
            CODE    A71CH     008DH     UNIT         ?PR?_WRITE_EEPROM_PAGE?DRV_E2P_24CXXX
            CODE    A7A9H     008CH     UNIT         ?PR?_INIT_UART_SOFT?DRV_UART
            CODE    A835H     008BH     UNIT         ?PR?PROC_SLEEP_WHEN_RESET?PROC_SYSTEM_INITIALIZE
            CODE    A8C0H     008BH     UNIT         ?PR?LINK_GET_DIS_OBIS_NUM_BUFF?API_LCD_DISPLAY
            CODE    A94BH     008AH     UNIT         ?CO?PROC_EXMEM
            CODE    A9D5H     008AH     UNIT         ?CO?LNK_EMU_ADJ
            CODE    AA5FH     0088H     UNIT         ?PR?_GET_IEC_COMM_REQUEST_CMD_ANSWER?IEC62056_21
            CODE    AAE7H     0086H     UNIT         ?C_C51STARTUP
            CODE    AB6DH     0082H     UNIT         ?PR?INIT_GPIO_SLEEP?DRV_GPIO
            CODE    ABEFH     007FH     UNIT         ?PR?API_UPDATED_LCDDISPLAYPIXEL_PER_SECOND?API_LCD_DISPLAY
            CODE    AC6EH     007EH     UNIT         ?PR?INTERRUPT_TIMER0?PROC_SYSTEM_INTERRUPT
            CODE    ACECH     007DH     UNIT         ?PR?API_HANDL_DIS_SLEEP_KEY?API_LCD_DISPLAY
            CODE    AD69H     007BH     UNIT         ?PR?_READ_EEPROM_PAGE?DRV_E2P_24CXXX
            CODE    ADE4H     007BH     UNIT         ?PR?_API_HANDL_COMM_PRE_10MS?API_USER_COMM
            CODE    AE5FH     0079H     UNIT         ?PR?_LIB_CMP_TWOARRY?LIB_MYSPRING
            CODE    AED8H     0079H     UNIT         ?PR?_LIB_MVHALFBYTE_L?LIB_MYSPRING
            CODE    AF51H     0078H     UNIT         ?PR?_LIB_BCD_ASC?LIB_MYMATH
            CODE    AFC9H     0077H     UNIT         ?PR?_LIB_WORD_BCD2?LIB_MYMATH
            CODE    B040H     0076H     UNIT         ?PR?_SET_UART2_BADU?DRV_UART
            CODE    B0B6H     0076H     UNIT         ?PR?_SET_UART4_BADU?DRV_UART
            CODE    B12CH     0076H     UNIT         ?PR?_LIB_GET_DATA_0XFF_ASCLEN?LIB_MYSPRING
            CODE    B1A2H     0074H     UNIT         ?PR?PROC_INITIALIZE_SYSTERM_NORMAL_MODE?PROC_SYSTEM_INITIALIZE
BL51 BANKED LINKER/LOCATER V6.22                                                      01/31/2019  14:05:10  PAGE 6


            CODE    B216H     0074H     UNIT         ?PR?API_UPDATA_MD_VAR_MIN_PER_SECOND?API_DEMAND
            CODE    B28AH     0073H     UNIT         ?PR?LNK_ADD_ENERGY_PLUSE?API_ENERGY
            CODE    B2FDH     0071H     UNIT         ?PR?_LIB_ASC_BCDA?LIB_MYMATH
            CODE    B36EH     0071H     UNIT         ?PR?_LIB_BCD_ASCA?LIB_MYMATH
            CODE    B3DFH     006EH     UNIT         ?PR?_LIB_ASC_BCD?LIB_MYMATH
            CODE    B44DH     006DH     UNIT         ?PR?_E2P_TXBYTE_I2C?DRV_E2P_I2CSOFT
            CODE    B4BAH     006CH     UNIT         ?PR?INIT_LOADPRO_PARAM?API_LOADPROFILE
            CODE    B526H     006AH     UNIT         ?PR?API_CLR_CURRENT_ENERGY_DATA?API_ENERGY
            CODE    B590H     0069H     UNIT         ?PR?_SET_RTCTIME?DRV_RTC
            CODE    B5F9H     0069H     UNIT         ?PR?API_UPDATED_BG_PER_SECOND?API_LCD_DISPLAY
            CODE    B662H     0067H     UNIT         ?PR?API_UPDATED_LCDDISPLAYITEM_PER_SECOND?API_LCD_DISPLAY
            CODE    B6C9H     0066H     UNIT         ?PR?API_INIT_DISPLAY?API_LCD_DISPLAY
            CODE    B72FH     0064H     UNIT         ?CO?PROC_DATA
            CODE    B793H     0064H     UNIT         ?PR?_IEC_COMM_ACKNOWLEDGEMENT_CMD_JUDGE?IEC62056_21
            CODE    B7F7H     0060H     UNIT         ?PR?INTERRUPT_EXINT3?PROC_SYSTEM_INTERRUPT
            CODE    B857H     0060H     UNIT         ?PR?_E2P_RXBYTE_I2C?DRV_E2P_I2CSOFT
            CODE    B8B7H     005FH     UNIT         ?PR?_GET_RTCTIME?DRV_RTC
            CODE    B916H     005DH     UNIT         ?PR?_LIB_COPY_STR_TWOARRY?LIB_MYSPRING
            CODE    B973H     005DH     UNIT         ?PR?_LIB_MVHALFBYTE_R?LIB_MYSPRING
            CODE    B9D0H     005CH     UNIT         ?PR?API_UPDATE_TRIFFNO_PRE_MINUTE?API_TRIFF
            CODE    BA2CH     0059H     UNIT         ?PR?_API_HANDL_COMM_FRAME_ERROR?API_USER_COMM
            CODE    BA85H     0057H     UNIT         ?PR?SAMLPE_BATADC?DRV_ADC
            CODE    BADCH     0053H     UNIT         ?PR?SET_MCUSLEEP?DRV_CORE
            CODE    BB2FH     0052H     UNIT         ?PR?GET_EMU_ADJPARAM?LNK_EMU_ADJ
            CODE    BB81H     004CH     UNIT         ?PR?_LIB_BCD_INC?LIB_MYMATH
            CODE    BBCDH     004CH     UNIT         ?PR?_LIB_GETGMMIN?LIB_MYMATH
            CODE    BC19H     004CH     UNIT         ?PR?_LIB_GETGMSEC?LIB_MYMATH
            CODE    BC65H     004AH     UNIT         ?PR?_LIB_GETGMHOUR?LIB_MYMATH
            CODE    BCAFH     0049H     UNIT         ?PR?MAIN?MAIN
            CODE    BCF8H     0049H     UNIT         ?PR?PROC_CHECK_PROKEY_PRE_SEC?PROC_SYSTEM_CHECK
            CODE    BD41H     0049H     UNIT         ?PR?API_CLR_CURRENT_MD_DATA?API_DEMAND
            CODE    BD8AH     0049H     UNIT         ?PR?_API_CHG_LCDDISPLAY_ADJ_ITEM?API_LCD_DISPLAY
            CODE    BDD3H     0047H     UNIT         ?PR?API_MEASURE_RAM_INIT?API_MEASURE
            CODE    BE1AH     0045H     UNIT         ?PR?LINK_GET_DIS_REALCHAR_BUFF?API_LCD_DISPLAY
            CODE    BE5FH     0043H     UNIT         ?PR?EN_UART2_RX?DRV_UART
            CODE    BEA2H     0043H     UNIT         ?PR?EN_UART4_RX?DRV_UART
            CODE    BEE5H     0043H     UNIT         ?PR?_LIB_BCD_ARRY_ADD1?LIB_MYMATH
            CODE    BF28H     0042H     UNIT         ?PR?PROC_CLR_METER?PROC_DATA
            CODE    BF6AH     0042H     UNIT         ?PR?LNK_UPDATA_MD_VAR_POWER_PER_SECOND?API_DEMAND
            CODE    BFACH     0042H     UNIT         ?PR?LOADPRORST?API_LOADPROFILE
            CODE    BFEEH     0040H     UNIT         ?CO?DRV_ADC
            CODE    C02EH     003DH     UNIT         ?PR?_LNK_GET_EMU_FREQ?LNK_EMU_HANDL
            CODE    C06BH     003DH     UNIT         ?PR?_GET_METER_ID_ASCLEN?API_USER_COMM
            CODE    C0A8H     003CH     UNIT         ?PR?_ENABLE_M_ADC?DRV_ADC
            CODE    C0E4H     003CH     UNIT         ?PR?API_INIT_MD_DATA_RAM?API_DEMAND
            CODE    C120H     003CH     UNIT         ?PR?API_EVEN_DETECT_SEC?API_EVENT
            CODE    C15CH     003BH     UNIT         ?PR?_SETEXTRTC?DRV_RTC
            CODE    C197H     003BH     UNIT         ?PR?_LIB_ATOB?LIB_MYMATH
            CODE    C1D2H     003AH     UNIT         ?PR?_LIB_FCPYTMEM?LIB_MYSPRING
            CODE    C20CH     0039H     UNIT         ?PR?SAVE_EMU_ADJPARAM?LNK_EMU_ADJ
            CODE    C245H     0038H     UNIT         ?PR?_LIB_ENOB_GET?LIB_MYMATH
            CODE    C27DH     0038H     UNIT         ?C_INITSEG
            CODE    C2B5H     0038H     UNIT         ?PR?_API_CHECK_DEMAND_PARA?API_DEMAND
            CODE    C2EDH     0038H     UNIT         ?PR?_GET_BCC_CHK?IEC62056_21
            CODE    C325H     0036H     UNIT         ?PR?_FULL_SEG?DRV_LCD
            CODE    C35BH     0036H     UNIT         ?PR?API_MEASURE_VBAT_PRE_MIN?API_MEASURE
            CODE    C391H     0035H     UNIT         ?PR?PROC_INITIALIZE_INRAM?PROC_SYSTEM_INITIALIZE
BL51 BANKED LINKER/LOCATER V6.22                                                      01/31/2019  14:05:10  PAGE 7


            CODE    C3C6H     0035H     UNIT         ?PR?PROC_INITIALIZE_SYSTERM_RESET?PROC_SYSTEM_INITIALIZE
            CODE    C3FBH     0034H     UNIT         ?PR?SAMLPE_TEMPERATUREADC?DRV_ADC
            CODE    C42FH     0032H     UNIT         ?PR?_LIB_MATH_GET_BCC_CHK?LIB_MYMATH
            CODE    C461H     0031H     UNIT         ?PR?_LIB_GET_CSCK_INT16U_NUM?LIB_MYMATH
            CODE    C492H     002FH     UNIT         ?CO?API_EVENT
            CODE    C4C1H     002DH     UNIT         ?PR?_IEC_CMD_BREAK_DEAL?API_USER_COMM
            CODE    C4EEH     002CH     UNIT         ?PR?INTERRUPT_EXINT4?PROC_SYSTEM_INTERRUPT
            CODE    C51AH     002CH     UNIT         ?PR?DISABLE_M_ADC?DRV_ADC
            CODE    C546H     002BH     UNIT         ?PR?JUDGE_ERR_COVER_KEY?DRV_KEY_IO
            CODE    C571H     002BH     UNIT         ?PR?_LIB_BTOA?LIB_MYMATH
            CODE    C59CH     002BH     UNIT         ?PR?_LIB_SET_STRING?LIB_MYSPRING
            CODE    C5C7H     0029H     UNIT         ?PR?_LIB_SYSTEMDELAY?LIB_MYTIMER
            CODE    C5F0H     0028H     UNIT         ?PR?INTERRUPT_INT1?PROC_SYSTEM_INTERRUPT
            CODE    C618H     0027H     UNIT         ?PR?PROC_HANDLE_WHEN_SYSTERM_RESET?PROC_SYSTEM_INITIALIZE
            CODE    C63FH     0027H     UNIT         ?PR?_LIB_GET_CSCK_INT8U_NUM?LIB_MYMATH
            CODE    C666H     0027H     UNIT         ?PR?_LIB_BCDCHK?LIB_MYMATH
            CODE    C68DH     0026H     UNIT         ?PR?PROC_HANDL_TOU_10MS?PROC_SYSTEM_TOU
            CODE    C6B3H     0025H     UNIT         ?PR?PROC_SYS_DATA_INIT?PROC_DATA
            CODE    C6D8H     0025H     UNIT         ?PR?E2P_STOP_I2C?DRV_E2P_I2CSOFT
            CODE    C6FDH     0025H     UNIT         ?PR?_LIB_BCD2_WORD?LIB_MYMATH
            CODE    C722H     0022H     UNIT         ?PR?E2P_START_I2C?DRV_E2P_I2CSOFT
            CODE    C744H     0022H     UNIT         ?PR?_LIB_DELAY_SEC?LIB_MYTIMER
            CODE    C766H     001EH     UNIT         ?PR?JUDGE_PRO_KEY?DRV_KEY_IO
            CODE    C784H     001EH     UNIT         ?PR?JUDGE_ERR_ADJ_KEY?DRV_KEY_IO
            CODE    C7A2H     001EH     UNIT         ?PR?INIT_LCD?DRV_LCD
            CODE    C7C0H     001EH     UNIT         ?PR?_LIB_CLR_STRING_U16?LIB_MYSPRING
            CODE    C7DEH     001CH     UNIT         ?PR?_LIB_BYTE_BCD?LIB_MYMATH
            CODE    C7FAH     001BH     UNIT         ?PR?CHECKPOWERUP?PROC_SYSTEM_CHECK
            CODE    C815H     001BH     UNIT         ?PR?CLR_RTC_ADJPARAM?DRV_RTC
            CODE    C830H     001BH     UNIT         ?PR?_LIB_BCD_BYTE?LIB_MYMATH
            CODE    C84BH     001BH     UNIT         ?PR?_LIB_CLR_STRING?LIB_MYSPRING
            CODE    C866H     001AH     UNIT         ?PR?JUDGE_DIS_KEY?DRV_KEY_IO
            CODE    C880H     0019H     UNIT         ?PR?CLOSE_SECOUT?DRV_RTC
            CODE    C899H     0019H     UNIT         ?PR?_LIB_DELAY_MS?LIB_MYTIMER
            CODE    C8B2H     0019H     UNIT         ?PR?API_MEASURE_TEMPERATURE_PRE_MIN?API_MEASURE
            CODE    C8CBH     0017H     UNIT         ?PR?INTERRUPT_UART1?PROC_SYSTEM_INTERRUPT
            CODE    C8E2H     0017H     UNIT         ?PR?API_INIT_CURRENT_ENERGY_DATA_RAM?API_ENERGY
            CODE    C8F9H     0016H     UNIT         ?PR?EN_UART2_TX?DRV_UART
            CODE    C90FH     0016H     UNIT         ?PR?EN_UART4_TX?DRV_UART
            CODE    C925H     0014H     UNIT         ?PR?PROC_INIT_CHECK_VAR?PROC_SYSTEM_CHECK
            CODE    C939H     0013H     UNIT         ?PR?SYS_ERR?PROC_SYSTEM_INITIALIZE
            CODE    C94CH     0013H     UNIT         ?PR?OPEN_SECOUT?DRV_RTC
            CODE    C95FH     000FH     UNIT         ?PR?INIT_TIMER?DRV_TMR
            CODE    C96EH     000EH     UNIT         ?PR?LCD_ON?DRV_LCD
            CODE    C97CH     000DH     UNIT         ?PR?SECURITYCK?API_USER_COMM
            CODE    C989H     000BH     UNIT         ?PR?INIT_RTC?DRV_RTC
            CODE    C994H     000BH     UNIT         ?PR?_LIB_DELAY_2US?LIB_MYTIMER
            CODE    C99FH     000AH     UNIT         ?PR?_LIB_DELAY_NOP?LIB_MYTIMER
            CODE    C9A9H     0009H     UNIT         ?PR?API_HANDL_DIS_SLEEP?API_LCD_DISPLAY
            CODE    C9B2H     0008H     UNIT         ?PR?DIS_UART2_RX?DRV_UART
            CODE    C9BAH     0008H     UNIT         ?PR?DIS_UART4_RX?DRV_UART
            CODE    C9C2H     0008H     UNIT         ?CO?API_BILL_RECORD
            CODE    C9CAH     0007H     UNIT         ?PR?SET_MCU_CORE?DRV_CORE
            CODE    C9D1H     0006H     UNIT         ?PR?_INIT_UART2_HARD?DRV_UART
            CODE    C9D7H     0006H     UNIT         ?PR?_INIT_UART4_HARD?DRV_UART
            CODE    C9DDH     0004H     UNIT         ?PR?INTERRUPT_TIMER1?PROC_SYSTEM_INTERRUPT
            CODE    C9E1H     0004H     UNIT         ?PR?INTERRUPT_TIMER2?PROC_SYSTEM_INTERRUPT
BL51 BANKED LINKER/LOCATER V6.22                                                      01/31/2019  14:05:10  PAGE 8


            CODE    C9E5H     0003H     UNIT         ?PR?PROC_INIT_TOU_VAR?PROC_SYSTEM_TOU
            CODE    C9E8H     0003H     UNIT         ?PR?INIT_EMU_RAM?LNK_EMU_HANDL
            CODE    C9EBH     0003H     UNIT         ?PR?READLPRUNPA?API_LOADPROFILE



OVERLAY MAP OF MODULE:   DL03C_V9811A_V01 (?C_STARTUP)


SEGMENT                                             BIT_GROUP          DATA_GROUP          XDATA_GROUP
  +--> CALLED SEGMENT                            START    LENGTH     START    LENGTH     START    LENGTH
--------------------------------------------------------------------------------------------------------
?C_C51STARTUP                                    -----    -----      -----    -----      -----    -----
  +--> ?PR?MAIN?MAIN
  +--> ?C_INITSEG

?PR?MAIN?MAIN                                    -----    -----      -----    -----      -----    -----
  +--> ?PR?PROC_INITIALIZE_SYSTERM_RESET?PRO...
  +--> ?PR?PROC_CHECK_SYSTEM_PRE_CYCLE?PROC_...
  +--> ?PR?PROC_HANDL_TOU_10MS?PROC_SYSTEM_TOU
  +--> ?PR?PROC_HANDL_TOU_1S?PROC_SYSTEM_TOU
  +--> ?PR?PROC_JUDGE_POWER_DOWN_PROCESS?PRO...

?PR?PROC_INITIALIZE_SYSTERM_RESET?PRO...         -----    -----      -----    -----      -----    -----
  +--> ?PR?PROC_HANDLE_WHEN_SYSTERM_RESET?PR...
  +--> ?PR?SET_MCU_CORE?DRV_CORE
  +--> ?PR?CHECKPOWERUP?PROC_SYSTEM_CHECK
  +--> ?PR?PROC_SLEEP_WHEN_RESET?PROC_SYSTEM...
  +--> ?PR?PROC_INITIALIZE_SYSTERM_NORMAL_MO...

?PR?PROC_HANDLE_WHEN_SYSTERM_RESET?PR...         -----    -----      -----    -----      -----    -----
  +--> ?PR?_SET_MCUCLOCK?DRV_CORE
  +--> ?PR?INIT_GPIO_SLEEP?DRV_GPIO
  +--> ?PR?E2P_IIC_INITAIL?DRV_E2P_I2CSOFT
  +--> ?PR?E2P_STOP_I2C?DRV_E2P_I2CSOFT

?PR?_SET_MCUCLOCK?DRV_CORE                       -----    -----      -----    -----      0000H    0005H
  +--> ?PR?SYS_ERR?PROC_SYSTEM_INITIALIZE

?PR?PROC_SLEEP_WHEN_RESET?PROC_SYSTEM...         -----    -----      -----    -----      -----    -----
  +--> ?PR?_SET_MCUCLOCK?DRV_CORE
  +--> ?PR?INIT_LCD?DRV_LCD
  +--> ?PR?API_CHECK_CURRENT_ENERGY_DATA?API...
  +--> ?PR?API_HANDL_DIS_SLEEP_KEY?API_LCD_D...
  +--> ?PR?API_HANDL_DIS_SLEEP?API_LCD_DISPLAY
  +--> ?PR?JUDGE_ERR_COVER_KEY?DRV_KEY_IO
  +--> ?PR?_API_DEAL_EVEN_CLASS_RECODE?API_E...
  +--> ?PR?CHECKPOWERUP?PROC_SYSTEM_CHECK
  +--> ?PR?SYS_ERR?PROC_SYSTEM_INITIALIZE
  +--> ?PR?_SETEXTRTC?DRV_RTC
  +--> ?PR?SET_MCUSLEEP?DRV_CORE

?PR?INIT_LCD?DRV_LCD                             -----    -----      -----    -----      -----    -----
  +--> ?PR?LCD_ON?DRV_LCD
  +--> ?PR?_FULL_SEG?DRV_LCD

?PR?API_CHECK_CURRENT_ENERGY_DATA?API...         -----    -----      -----    -----      -----    -----
BL51 BANKED LINKER/LOCATER V6.22                                                      01/31/2019  14:05:10  PAGE 9


  +--> ?PR?_LIB_GET_CSCK_INT16U_NUM?LIB_MYMATH
  +--> ?PR?_MEM_READ?PROC_EXMEM
  +--> ?PR?_LIB_COPY_STR_TWOARRY?LIB_MYSPRING

?PR?_LIB_GET_CSCK_INT16U_NUM?LIB_MYMATH          -----    -----      -----    -----      0212H    0007H

?PR?_MEM_READ?PROC_EXMEM                         -----    -----      -----    -----      0212H    000BH
  +--> ?PR?_LIB_COPY_STR_TWOARRY?LIB_MYSPRING
  +--> ?PR?_READ_EEPROM?DRV_E2P_24CXXX
  +--> ?PR?SYS_ERR?PROC_SYSTEM_INITIALIZE

?PR?_LIB_COPY_STR_TWOARRY?LIB_MYSPRING           -----    -----      -----    -----      021DH    0008H

?PR?_READ_EEPROM?DRV_E2P_24CXXX                  -----    -----      -----    -----      021DH    0008H
  +--> ?PR?_READ_EEPROM_PAGE?DRV_E2P_24CXXX

?PR?_READ_EEPROM_PAGE?DRV_E2P_24CXXX             -----    -----      -----    -----      0225H    0087H
  +--> ?PR?_READ_EEPROM_PAGE_SUB?DRV_E2P_24CXXX
  +--> ?PR?_LIB_CMP_TWOARRY?LIB_MYSPRING

?PR?_READ_EEPROM_PAGE_SUB?DRV_E2P_24CXXX         -----    -----      -----    -----      02ACH    0009H
  +--> ?PR?E2P_STOP_I2C?DRV_E2P_I2CSOFT
  +--> ?PR?E2P_START_I2C?DRV_E2P_I2CSOFT
  +--> ?PR?_E2P_TXBYTE_I2C?DRV_E2P_I2CSOFT
  +--> ?PR?_E2P_RXBYTE_I2C?DRV_E2P_I2CSOFT

?PR?_E2P_TXBYTE_I2C?DRV_E2P_I2CSOFT              -----    -----      0008H    0001H      -----    -----
  +--> ?PR?E2P_STOP_I2C?DRV_E2P_I2CSOFT

?PR?_E2P_RXBYTE_I2C?DRV_E2P_I2CSOFT              -----    -----      0008H    0002H      -----    -----

?PR?_LIB_CMP_TWOARRY?LIB_MYSPRING                -----    -----      -----    -----      02ACH    0007H

?PR?API_HANDL_DIS_SLEEP_KEY?API_LCD_D...         -----    -----      -----    -----      -----    -----
  +--> ?PR?_MEM_READ?PROC_EXMEM
  +--> ?PR?API_GET_NEXT_DIS_ITEM?API_LCD_DIS...
  +--> ?PR?API_UPDATED_LCDDISPLAYPIXEL_PER_S...

?PR?API_GET_NEXT_DIS_ITEM?API_LCD_DIS...         -----    -----      -----    -----      0001H    0001H

?PR?API_UPDATED_LCDDISPLAYPIXEL_PER_S...         -----    -----      -----    -----      -----    -----
  +--> ?PR?_LIB_SET_STRING?LIB_MYSPRING
  +--> ?PR?_API_LCDDISPLAY_ADJ_ITEM?API_LCD_...
  +--> ?PR?LINK_GET_DIS_REALCHAR_BUFF?API_LC...
  +--> ?PR?LINK_GET_DIS_DRV_BUFF?API_LCD_DIS...
  +--> ?PR?_LINK_GET_DISTAB_VAR?API_LCD_DISPLAY
  +--> ?PR?LINK_GET_DIS_OBIS_NUM_BUFF?API_LC...
  +--> ?PR?LINK_GET_DIS_DATA_NUM_BUFF?API_LC...
  +--> ?PR?LINK_GET_DIS_CHAR_BUFF?API_LCD_DI...
  +--> ?PR?_WRITE_LCD?DRV_LCD

?PR?_LIB_SET_STRING?LIB_MYSPRING                 -----    -----      -----    -----      0179H    0006H

?PR?_API_LCDDISPLAY_ADJ_ITEM?API_LCD_...         -----    -----      -----    -----      0026H    0001H
  +--> ?PR?_LIB_SET_STRING?LIB_MYSPRING
  +--> ?CO?API_LCD_DISPLAY
  +--> ?PR?SYS_ERR?PROC_SYSTEM_INITIALIZE
BL51 BANKED LINKER/LOCATER V6.22                                                      01/31/2019  14:05:10  PAGE 10



?CO?API_LCD_DISPLAY                              -----    -----      -----    -----      -----    -----
  +--> ?CO?PROC_DATA

?PR?_LINK_GET_DISTAB_VAR?API_LCD_DISPLAY         -----    -----      -----    -----      -----    -----
  +--> ?CO?API_LCD_DISPLAY

?PR?LINK_GET_DIS_OBIS_NUM_BUFF?API_LC...         -----    -----      -----    -----      -----    -----
  +--> ?PR?_LIB_SET_STRING?LIB_MYSPRING
  +--> ?CO?API_LCD_DISPLAY

?PR?LINK_GET_DIS_DATA_NUM_BUFF?API_LC...         -----    -----      -----    -----      0026H    0022H
  +--> ?PR?_API_GET_BILL_RECORD_ADDR?API_BIL...
  +--> ?PR?_MEM_READ?PROC_EXMEM
  +--> ?PR?_API_GET_ENERGY_LCD?API_LCD_DISPLAY
  +--> ?PR?_LIB_WORD_BCD2?LIB_MYMATH
  +--> ?PR?_LIB_LONG_BCD4?LIB_MYMATH
  +--> ?PR?_LIB_GET_DATA_0XFF_ASCLEN?LIB_MYS...
  +--> ?PR?_LIB_SET_STRING?LIB_MYSPRING
  +--> ?CO?API_LCD_DISPLAY

?PR?_API_GET_BILL_RECORD_ADDR?API_BIL...         -----    -----      -----    -----      009EH    0006H
  +--> ?CO?API_BILL_RECORD
  +--> ?PR?_MEM_READ?PROC_EXMEM

?PR?_API_GET_ENERGY_LCD?API_LCD_DISPLAY          -----    -----      -----    -----      009EH    0016H
  +--> ?PR?_LIB_COPY_STR_TWOARRY?LIB_MYSPRING
  +--> ?PR?_LIB_LONG_BCD4?LIB_MYMATH
  +--> ?PR?_LIB_BYTE_BCD?LIB_MYMATH

?PR?_LIB_LONG_BCD4?LIB_MYMATH                    -----    -----      -----    -----      00B4H    0007H
  +--> ?PR?_LIB_WORD_BCD2?LIB_MYMATH

?PR?_LIB_WORD_BCD2?LIB_MYMATH                    -----    -----      -----    -----      00BBH    0005H
  +--> ?PR?_LIB_BYTE_BCD?LIB_MYMATH

?PR?_LIB_GET_DATA_0XFF_ASCLEN?LIB_MYS...         -----    -----      -----    -----      0048H    0007H

?PR?LINK_GET_DIS_CHAR_BUFF?API_LCD_DI...         -----    -----      -----    -----      -----    -----
  +--> ?PR?_LIB_SET_STRING?LIB_MYSPRING

?PR?API_HANDL_DIS_SLEEP?API_LCD_DISPLAY          -----    -----      -----    -----      -----    -----
  +--> ?PR?LCD_OFF?DRV_LCD

?PR?LCD_OFF?DRV_LCD                              -----    -----      -----    -----      -----    -----
  +--> ?PR?_FULL_SEG?DRV_LCD

?PR?JUDGE_ERR_COVER_KEY?DRV_KEY_IO               -----    -----      -----    -----      -----    -----
  +--> ?PR?_LIB_DELAY_MS?LIB_MYTIMER

?PR?_API_DEAL_EVEN_CLASS_RECODE?API_E...         -----    -----      -----    -----      0095H    0005H
  +--> ?CO?API_EVENT
  +--> ?PR?_LNK_SAVE_EVEN_CLASS1_RECODE?API_...

?PR?_LNK_SAVE_EVEN_CLASS1_RECODE?API_...         -----    -----      -----    -----      009AH    00DFH
  +--> ?PR?_MEM_READ?PROC_EXMEM
  +--> ?PR?_LIB_COPY_STR_TWOARRY?LIB_MYSPRING
BL51 BANKED LINKER/LOCATER V6.22                                                      01/31/2019  14:05:10  PAGE 11


  +--> ?PR?_LIB_GET_CSCK_INT16U_NUM?LIB_MYMATH
  +--> ?CO?API_EVENT
  +--> ?PR?_MEM_DB_WRITE?PROC_EXMEM
  +--> ?PR?_LIB_SET_STRING?LIB_MYSPRING
  +--> ?PR?_GETTOTALTIME?API_EVENT
  +--> ?PR?_MEM_WRITE?PROC_EXMEM

?PR?_MEM_DB_WRITE?PROC_EXMEM                     -----    -----      -----    -----      0179H    0011H
  +--> ?PR?_GET_MEM_TABLE_INDEX?PROC_EXMEM
  +--> ?PR?SYS_ERR?PROC_SYSTEM_INITIALIZE
  +--> ?CO?PROC_EXMEM
  +--> ?PR?_MEM_WRITE?PROC_EXMEM
  +--> ?PR?_GET_MEM_CK_DATA?PROC_EXMEM

?PR?_GET_MEM_TABLE_INDEX?PROC_EXMEM              -----    -----      -----    -----      018AH    0004H
  +--> ?CO?PROC_EXMEM

?PR?_MEM_WRITE?PROC_EXMEM                        -----    -----      -----    -----      018AH    0008H
  +--> ?PR?_LIB_COPY_STR_TWOARRY?LIB_MYSPRING
  +--> ?PR?_WRITE_EEPROM?DRV_E2P_24CXXX
  +--> ?PR?SYS_ERR?PROC_SYSTEM_INITIALIZE

?PR?_WRITE_EEPROM?DRV_E2P_24CXXX                 -----    -----      -----    -----      0192H    0008H
  +--> ?PR?_WRITE_EEPROM_PAGE?DRV_E2P_24CXXX

?PR?_WRITE_EEPROM_PAGE?DRV_E2P_24CXXX            -----    -----      -----    -----      019AH    0087H
  +--> ?PR?SYS_ERR?PROC_SYSTEM_INITIALIZE
  +--> ?PR?_WRITE_EEPROM_PAGE_SUB?DRV_E2P_24...
  +--> ?PR?_READ_EEPROM_PAGE_SUB?DRV_E2P_24CXXX
  +--> ?PR?_LIB_CMP_TWOARRY?LIB_MYSPRING

?PR?_WRITE_EEPROM_PAGE_SUB?DRV_E2P_24...         -----    -----      -----    -----      0221H    0009H
  +--> ?PR?E2P_STOP_I2C?DRV_E2P_I2CSOFT
  +--> ?PR?E2P_START_I2C?DRV_E2P_I2CSOFT
  +--> ?PR?_E2P_TXBYTE_I2C?DRV_E2P_I2CSOFT
  +--> ?PR?_LIB_DELAY_MS?LIB_MYTIMER

?PR?_GET_MEM_CK_DATA?PROC_EXMEM                  -----    -----      -----    -----      018AH    0088H
  +--> ?PR?_MEM_READ?PROC_EXMEM
  +--> ?PR?_LIB_GET_CSCK_INT16U_NUM?LIB_MYMATH

?PR?_GETTOTALTIME?API_EVENT                      -----    -----      -----    -----      0179H    000BH
  +--> ?PR?_LIB_GETGMSEC?LIB_MYMATH
  +--> ?PR?_LIB_COPY_STR_TWOARRY?LIB_MYSPRING

?PR?_LIB_GETGMSEC?LIB_MYMATH                     -----    -----      -----    -----      0184H    0003H
  +--> ?PR?_LIB_GETGMMIN?LIB_MYMATH
  +--> ?PR?_LIB_BCD_BYTE?LIB_MYMATH

?PR?_LIB_GETGMMIN?LIB_MYMATH                     -----    -----      -----    -----      0187H    0003H
  +--> ?PR?_LIB_GETGMHOUR?LIB_MYMATH
  +--> ?PR?_LIB_BCD_BYTE?LIB_MYMATH

?PR?_LIB_GETGMHOUR?LIB_MYMATH                    -----    -----      -----    -----      018AH    0003H
  +--> ?PR?_LIB_GETGMDAY?LIB_MYMATH
  +--> ?PR?_LIB_BCD_BYTE?LIB_MYMATH

BL51 BANKED LINKER/LOCATER V6.22                                                      01/31/2019  14:05:10  PAGE 12


?PR?_LIB_GETGMDAY?LIB_MYMATH                     -----    -----      -----    -----      018DH    0004H
  +--> ?PR?_LIB_BCD_BYTE?LIB_MYMATH

?PR?_SETEXTRTC?DRV_RTC                           -----    -----      -----    -----      0000H    0002H
  +--> ?PR?_LIB_DELAY_2US?LIB_MYTIMER

?PR?_LIB_DELAY_2US?LIB_MYTIMER                   -----    -----      -----    -----      0098H    0001H

?PR?SET_MCUSLEEP?DRV_CORE                        -----    -----      -----    -----      0000H    0001H
  +--> ?PR?SYS_ERR?PROC_SYSTEM_INITIALIZE
  +--> ?PR?_LIB_DELAY_2US?LIB_MYTIMER

?PR?PROC_INITIALIZE_SYSTERM_NORMAL_MO...         -----    -----      -----    -----      -----    -----
  +--> ?PR?INIT_RTC?DRV_RTC
  +--> ?PR?INIT_LCD?DRV_LCD
  +--> ?PR?_SET_MCUCLOCK?DRV_CORE
  +--> ?PR?INIT_GPIO_RUN?DRV_GPIO
  +--> ?PR?_LIB_DELAY_MS?LIB_MYTIMER
  +--> ?PR?PROC_INITIALIZE_INRAM?PROC_SYSTEM...
  +--> ?PR?INIT_TIMER?DRV_TMR
  +--> ?PR?_INIT_UART2_HARD?DRV_UART
  +--> ?PR?_INIT_UART4_HARD?DRV_UART
  +--> ?PR?_FULL_SEG?DRV_LCD
  +--> ?PR?_API_HANDL_COMM_FRAME_ERROR?API_U...
  +--> ?PR?_INIT_EMU?LNK_EMU_HANDL
  +--> ?PR?_API_DEAL_EVEN_CLASS_RECODE?API_E...

?PR?PROC_INITIALIZE_INRAM?PROC_SYSTEM...         -----    -----      -----    -----      -----    -----
  +--> ?PR?MEM_DB_CHECK?PROC_EXMEM
  +--> ?PR?PROC_SYS_DATA_INIT?PROC_DATA
  +--> ?PR?PROC_INIT_TOU_VAR?PROC_SYSTEM_TOU
  +--> ?PR?PROC_INIT_CHECK_VAR?PROC_SYSTEM_C...
  +--> ?PR?INIT_EMU_RAM?LNK_EMU_HANDL
  +--> ?PR?API_INIT_MD_DATA_RAM?API_DEMAND
  +--> ?PR?API_INIT_CURRENT_ENERGY_DATA_RAM?...
  +--> ?PR?API_MEASURE_RAM_INIT?API_MEASURE
  +--> ?PR?API_MEASURE_VBAT_PRE_MIN?API_MEASURE
  +--> ?PR?API_MEASURE_TEMPERATURE_PRE_MIN?A...
  +--> ?PR?API_UPDATE_TRIFFNO_PRE_MINUTE?API...
  +--> ?PR?API_HANDL_SETTLE_WHEN_POWERUP?API...
  +--> ?PR?API_INIT_DISPLAY?API_LCD_DISPLAY

?PR?MEM_DB_CHECK?PROC_EXMEM                      -----    -----      -----    -----      0000H    000CH
  +--> ?CO?PROC_EXMEM
  +--> ?PR?_GET_MEM_CK_DATA?PROC_EXMEM
  +--> ?PR?_MEM_READ?PROC_EXMEM
  +--> ?PR?_MEM_TO_MEM?PROC_EXMEM
  +--> ?PR?_GET_DEFAULT_MEM_DATA?PROC_EXMEM
  +--> ?PR?_MEM_WRITE?PROC_EXMEM
  +--> ?PR?SYS_ERR?PROC_SYSTEM_INITIALIZE

?PR?_MEM_TO_MEM?PROC_EXMEM                       -----    -----      -----    -----      000CH    0088H
  +--> ?PR?_MEM_READ?PROC_EXMEM
  +--> ?PR?_MEM_WRITE?PROC_EXMEM

?PR?_GET_DEFAULT_MEM_DATA?PROC_EXMEM             -----    -----      -----    -----      000CH    0004H
  +--> ?CO?PROC_EXMEM
BL51 BANKED LINKER/LOCATER V6.22                                                      01/31/2019  14:05:10  PAGE 13


  +--> ?CO?PROC_DATA
  +--> ?CO?API_LCD_DISPLAY
  +--> ?CO?LNK_EMU_ADJ
  +--> ?CO?API_TRIFF
  +--> ?PR?_MEM_WRITE?PROC_EXMEM
  +--> ?PR?_MEM_FILL?PROC_EXMEM

?PR?_MEM_FILL?PROC_EXMEM                         -----    -----      -----    -----      009EH    0087H
  +--> ?PR?_LIB_SET_STRING?LIB_MYSPRING
  +--> ?PR?_MEM_WRITE?PROC_EXMEM

?PR?PROC_SYS_DATA_INIT?PROC_DATA                 -----    -----      -----    -----      -----    -----
  +--> ?PR?_MEM_READ?PROC_EXMEM

?PR?PROC_INIT_TOU_VAR?PROC_SYSTEM_TOU            -----    -----      -----    -----      -----    -----
  +--> ?PR?PROC_GET_CLOCK?PROC_SYSTEM_TOU

?PR?PROC_GET_CLOCK?PROC_SYSTEM_TOU               -----    -----      -----    -----      0000H    0007H
  +--> ?PR?_GET_RTCTIME?DRV_RTC
  +--> ?PR?_LIB_CHECK_RTC_DATA_FORM?LIB_MYMATH
  +--> ?PR?_MEM_READ?PROC_EXMEM
  +--> ?PR?_MEM_DB_WRITE?PROC_EXMEM
  +--> ?PR?_SET_RTCTIME?DRV_RTC
  +--> ?PR?_LIB_COPY_STR_TWOARRY?LIB_MYSPRING

?PR?_GET_RTCTIME?DRV_RTC                         -----    -----      -----    -----      0007H    0004H
  +--> ?PR?_LIB_DELAY_2US?LIB_MYTIMER

?PR?_LIB_CHECK_RTC_DATA_FORM?LIB_MYMATH          -----    -----      -----    -----      -----    -----
  +--> ?PR?_LIB_BCD_BYTE?LIB_MYMATH
  +--> ?PR?_LIB_BYTE_BCD?LIB_MYMATH

?PR?_SET_RTCTIME?DRV_RTC                         -----    -----      -----    -----      0095H    0003H
  +--> ?PR?_LIB_DELAY_2US?LIB_MYTIMER

?PR?PROC_INIT_CHECK_VAR?PROC_SYSTEM_C...         -----    -----      -----    -----      -----    -----
  +--> ?PR?_LIB_SET_STRING?LIB_MYSPRING

?PR?INIT_EMU_RAM?LNK_EMU_HANDL                   -----    -----      -----    -----      -----    -----
  +--> ?PR?GET_EMU_ADJPARAM?LNK_EMU_ADJ

?PR?GET_EMU_ADJPARAM?LNK_EMU_ADJ                 -----    -----      -----    -----      -----    -----
  +--> ?PR?_LIB_SET_STRING?LIB_MYSPRING
  +--> ?PR?_LIB_GET_CSCK_INT16U_NUM?LIB_MYMATH
  +--> ?PR?_MEM_READ?PROC_EXMEM

?PR?API_INIT_MD_DATA_RAM?API_DEMAND              -----    -----      -----    -----      -----    -----
  +--> ?PR?_MEM_READ?PROC_EXMEM
  +--> ?PR?_API_CHECK_DEMAND_PARA?API_DEMAND
  +--> ?PR?_LIB_SET_STRING?LIB_MYSPRING

?PR?API_INIT_CURRENT_ENERGY_DATA_RAM?...         -----    -----      -----    -----      -----    -----
  +--> ?PR?API_CHECK_CURRENT_ENERGY_DATA?API...

?PR?API_MEASURE_RAM_INIT?API_MEASURE             -----    -----      -----    -----      0008H    0002H
  +--> ?PR?_LIB_SET_STRING?LIB_MYSPRING

BL51 BANKED LINKER/LOCATER V6.22                                                      01/31/2019  14:05:10  PAGE 14


?PR?API_MEASURE_VBAT_PRE_MIN?API_MEASURE         -----    -----      -----    -----      -----    -----
  +--> ?PR?SAMLPE_BATADC?DRV_ADC

?PR?SAMLPE_BATADC?DRV_ADC                        -----    -----      -----    -----      0000H    0002H
  +--> ?PR?_ENABLE_M_ADC?DRV_ADC
  +--> ?PR?_LIB_DELAY_MS?LIB_MYTIMER
  +--> ?PR?_READMETERPARAACK?DRV_EMU_HARD
  +--> ?PR?DISABLE_M_ADC?DRV_ADC

?PR?_ENABLE_M_ADC?DRV_ADC                        -----    -----      -----    -----      -----    -----
  +--> ?PR?_READMETERPARAACK?DRV_EMU_HARD
  +--> ?PR?_SETMETERCFGACK?DRV_EMU_HARD

?PR?_READMETERPARAACK?DRV_EMU_HARD               -----    -----      0008H    0001H      003FH    0008H

?PR?_SETMETERCFGACK?DRV_EMU_HARD                 -----    -----      -----    -----      003FH    0006H

?PR?DISABLE_M_ADC?DRV_ADC                        -----    -----      -----    -----      -----    -----
  +--> ?PR?_READMETERPARAACK?DRV_EMU_HARD
  +--> ?PR?_SETMETERCFGACK?DRV_EMU_HARD

?PR?API_MEASURE_TEMPERATURE_PRE_MIN?A...         -----    -----      -----    -----      -----    -----
  +--> ?PR?HANDL_RTC_ADJ_PER_MINU?DRV_RTC

?PR?HANDL_RTC_ADJ_PER_MINU?DRV_RTC               -----    -----      -----    -----      0000H    0012H
  +--> ?PR?_ENABLE_M_ADC?DRV_ADC
  +--> ?PR?_LIB_DELAY_MS?LIB_MYTIMER
  +--> ?PR?CAL_TEMPERATURE_DATA?DRV_ADC
  +--> ?PR?DISABLE_M_ADC?DRV_ADC
  +--> ?PR?_LIB_FCPYTMEM?LIB_MYSPRING
  +--> ?PR?_LIB_GET_CSCK_INT8U_NUM?LIB_MYMATH
  +--> ?PR?_SETRTCNORMAL?DRV_RTC

?PR?CAL_TEMPERATURE_DATA?DRV_ADC                 -----    -----      -----    -----      0012H    0027H
  +--> ?PR?_LIB_FCPYTMEM?LIB_MYSPRING
  +--> ?PR?_LIB_GET_CSCK_INT8U_NUM?LIB_MYMATH
  +--> ?PR?_LIB_REV_COPY_ARRY?LIB_MYSPRING
  +--> ?PR?_READMETERPARAACK?DRV_EMU_HARD
  +--> ?CO?DRV_ADC
  +--> ?PR?SQRT?SQRT

?PR?_LIB_FCPYTMEM?LIB_MYSPRING                   -----    -----      -----    -----      0039H    0004H

?PR?_LIB_GET_CSCK_INT8U_NUM?LIB_MYMATH           -----    -----      -----    -----      0039H    0006H

?PR?_LIB_REV_COPY_ARRY?LIB_MYSPRING              -----    -----      -----    -----      0039H    0006H

?PR?SQRT?SQRT                                    -----    -----      -----    -----      0039H    0004H

?PR?_SETRTCNORMAL?DRV_RTC                        -----    -----      -----    -----      0012H    000AH
  +--> ?PR?_LIB_DELAY_2US?LIB_MYTIMER

?PR?API_UPDATE_TRIFFNO_PRE_MINUTE?API...         -----    -----      -----    -----      0095H    0001H
  +--> ?PR?API_GET_SEASONTAB_NO?API_TRIFF
  +--> ?PR?_API_GET_DAYTAB_NO?API_TRIFF
  +--> ?PR?_API_GET_TRIFF_NO?API_TRIFF

BL51 BANKED LINKER/LOCATER V6.22                                                      01/31/2019  14:05:10  PAGE 15


?PR?API_GET_SEASONTAB_NO?API_TRIFF               -----    -----      -----    -----      0096H    0018H
  +--> ?PR?_MEM_READ?PROC_EXMEM

?PR?_API_GET_DAYTAB_NO?API_TRIFF                 -----    -----      -----    -----      0096H    0008H
  +--> ?PR?_MEM_READ?PROC_EXMEM
  +--> ?PR?SYS_ERR?PROC_SYSTEM_INITIALIZE

?PR?_API_GET_TRIFF_NO?API_TRIFF                  -----    -----      -----    -----      0096H    001BH
  +--> ?PR?_MEM_READ?PROC_EXMEM
  +--> ?PR?_LIB_BCDCHK?LIB_MYMATH

?PR?API_HANDL_SETTLE_WHEN_POWERUP?API...         -----    -----      -----    -----      0000H    0014H
  +--> ?PR?_MEM_READ?PROC_EXMEM
  +--> ?PR?_LIB_BCD_BYTE?LIB_MYMATH
  +--> ?PR?_API_WRITE_BILL_DATA?API_BILL_RECORD

?PR?_API_WRITE_BILL_DATA?API_BILL_RECORD         -----    -----      -----    -----      0014H    0050H
  +--> ?PR?_LIB_CLR_STRING?LIB_MYSPRING
  +--> ?CO?API_BILL_RECORD
  +--> ?PR?_MEM_READ?PROC_EXMEM
  +--> ?PR?_MEM_DB_WRITE?PROC_EXMEM
  +--> ?PR?_LIB_COPY_STR_TWOARRY?LIB_MYSPRING
  +--> ?PR?API_CLR_CURRENT_MD_DATA?API_DEMAND
  +--> ?PR?SYS_ERR?PROC_SYSTEM_INITIALIZE

?PR?API_CLR_CURRENT_MD_DATA?API_DEMAND           -----    -----      -----    -----      0095H    002AH
  +--> ?PR?_LIB_CLR_STRING?LIB_MYSPRING
  +--> ?PR?_MEM_DB_WRITE?PROC_EXMEM
  +--> ?PR?_LIB_SET_STRING?LIB_MYSPRING

?PR?API_INIT_DISPLAY?API_LCD_DISPLAY             -----    -----      -----    -----      -----    -----
  +--> ?PR?_MEM_READ?PROC_EXMEM

?PR?INIT_TIMER?DRV_TMR                           -----    -----      -----    -----      -----    -----
  +--> ?PR?START_TIMER?DRV_TMR

?PR?_INIT_UART2_HARD?DRV_UART                    -----    -----      -----    -----      -----    -----
  +--> ?PR?_SET_UART2_BADU?DRV_UART
  +--> ?PR?EN_UART2_RX?DRV_UART

?PR?_INIT_UART4_HARD?DRV_UART                    -----    -----      -----    -----      -----    -----
  +--> ?PR?_SET_UART4_BADU?DRV_UART
  +--> ?PR?EN_UART4_RX?DRV_UART

?PR?_API_HANDL_COMM_FRAME_ERROR?API_U...         -----    -----      -----    -----      0038H    0001H
  +--> ?PR?_LIB_CLR_STRING?LIB_MYSPRING
  +--> ?PR?_INIT_UART2_HARD?DRV_UART
  +--> ?PR?_INIT_UART_SOFT?DRV_UART
  +--> ?PR?_INIT_UART4_HARD?DRV_UART

?PR?_INIT_EMU?LNK_EMU_HANDL                      -----    -----      -----    -----      0000H    0001H
  +--> ?PR?_SETMETERCFGACK?DRV_EMU_HARD
  +--> ?PR?_SET_EMUCLOCK?DRV_CORE
  +--> ?PR?SYS_ERR?PROC_SYSTEM_INITIALIZE

?PR?_SET_EMUCLOCK?DRV_CORE                       -----    -----      -----    -----      0001H    0005H
  +--> ?PR?SYS_ERR?PROC_SYSTEM_INITIALIZE
BL51 BANKED LINKER/LOCATER V6.22                                                      01/31/2019  14:05:10  PAGE 16



?PR?PROC_HANDL_TOU_10MS?PROC_SYSTEM_TOU          -----    -----      -----    -----      0000H    0001H
  +--> ?PR?API_HANDL_DIS_KEY_10MS?API_LCD_DI...
  +--> ?PR?_HDL_UART_10MS_RUN?DRV_UART
  +--> ?PR?_API_HANDL_COMM_PRE_10MS?API_USER...

?PR?API_HANDL_DIS_KEY_10MS?API_LCD_DI...         -----    -----      -----    -----      -----    -----
  +--> ?PR?JUDGE_DIS_KEY?DRV_KEY_IO
  +--> ?PR?_MEM_READ?PROC_EXMEM
  +--> ?PR?API_GET_NEXT_DIS_ITEM?API_LCD_DIS...
  +--> ?PR?API_UPDATED_LCDDISPLAYPIXEL_PER_S...

?PR?_HDL_UART_10MS_RUN?DRV_UART                  -----    -----      -----    -----      -----    -----
  +--> ?PR?EN_UART2_RX?DRV_UART
  +--> ?PR?EN_UART4_RX?DRV_UART
  +--> ?PR?_INIT_UART_SOFT?DRV_UART

?PR?_API_HANDL_COMM_PRE_10MS?API_USER...         -----    -----      -----    -----      0001H    0001H
  +--> ?PR?_PROCESS_IEC62056_21?API_USER_COMM
  +--> ?PR?_API_HANDL_COMM_FRAME_ERROR?API_U...
  +--> ?PR?_LNK_TX_COMM_READY?API_USER_COMM

?PR?_PROCESS_IEC62056_21?API_USER_COMM           -----    -----      -----    -----      0002H    0036H
  +--> ?PR?_GET_UART_RX_BUFF?DRV_UART
  +--> ?PR?_MEM_READ?PROC_EXMEM
  +--> ?PR?_GET_METER_ID_ASCLEN?API_USER_COMM
  +--> ?PR?_LIB_BCD_ASCA?LIB_MYMATH
  +--> ?PR?_IEC_COMM_REQUEST_CMD_JUDGE?IEC62...
  +--> ?CO?API_USER_COMM
  +--> ?PR?_GET_IEC_COMM_REQUEST_CMD_ANSWER?...
  +--> ?PR?_IEC_COMM_ACKNOWLEDGEMENT_CMD_JUD...
  +--> ?PR?_GET_IEC_COMM_OPERAND_ANSWER?IEC6...
  +--> ?PR?_IEC_COMM_COMMAND_CMD_JUDGE?IEC62...
  +--> ?PR?_GET_ERROR_ANSWER?IEC62056_21
  +--> ?PR?_API_HANDL_COMM_FRAME_ERROR?API_U...

?PR?_GET_UART_RX_BUFF?DRV_UART                   -----    -----      -----    -----      0038H    0004H
  +--> ?PR?DIS_UART2_RX?DRV_UART
  +--> ?PR?DIS_UART4_RX?DRV_UART

?PR?_GET_METER_ID_ASCLEN?API_USER_COMM           -----    -----      -----    -----      009EH    0003H

?PR?_LIB_BCD_ASCA?LIB_MYMATH                     -----    -----      -----    -----      0181H    000AH
  +--> ?PR?_LIB_BTOA?LIB_MYMATH

?PR?_IEC_COMM_REQUEST_CMD_JUDGE?IEC62...         -----    -----      -----    -----      0038H    0008H

?CO?API_USER_COMM                                -----    -----      -----    -----      -----    -----
  +--> ?CO?PROC_DATA

?PR?_GET_IEC_COMM_REQUEST_CMD_ANSWER?...         -----    -----      -----    -----      0038H    0007H

?PR?_GET_IEC_COMM_OPERAND_ANSWER?IEC6...         -----    -----      -----    -----      0038H    0007H
  +--> ?PR?_GET_BCC_CHK?IEC62056_21

?PR?_GET_BCC_CHK?IEC62056_21                     -----    -----      -----    -----      009EH    0005H

BL51 BANKED LINKER/LOCATER V6.22                                                      01/31/2019  14:05:10  PAGE 17


?PR?_IEC_COMM_COMMAND_CMD_JUDGE?IEC62...         -----    -----      -----    -----      0038H    000DH
  +--> ?PR?_GET_BCC_CHK?IEC62056_21
  +--> ?PR?_IEC_CMD_PASSWORD_DEAL?API_USER_COMM
  +--> ?PR?_IEC_CMD_READ_DEAL?API_USER_COMM
  +--> ?PR?_IEC_CMD_WRITE_DEAL?API_USER_COMM

?PR?_IEC_CMD_PASSWORD_DEAL?API_USER_COMM         -----    -----      -----    -----      0045H    000FH
  +--> ?PR?_MEM_READ?PROC_EXMEM
  +--> ?PR?_LIB_BCD_ASCA?LIB_MYMATH
  +--> ?PR?_LIB_CMP_TWOARRY?LIB_MYSPRING
  +--> ?CO?API_USER_COMM
  +--> ?PR?_GET_ACK_ANSWER?IEC62056_21

?PR?_IEC_CMD_READ_DEAL?API_USER_COMM             -----    -----      -----    -----      0045H    0059H
  +--> ?PR?_LIB_ASC_BCDA?LIB_MYMATH
  +--> ?PR?_GET_IEC_COMM_VAR?API_USER_COMM
  +--> ?PR?_LIB_SET_STRING?LIB_MYSPRING
  +--> ?PR?_LPREC_READ_1?API_LOADPROFILE
  +--> ?PR?_LPREC_READ_BLOCK?API_LOADPROFILE
  +--> ?PR?_GET_BCC_CHK?IEC62056_21
  +--> ?PR?_LIB_LONG_BCD4?LIB_MYMATH
  +--> ?PR?_LIB_WORD_BCD2?LIB_MYMATH
  +--> ?PR?_LIB_COPY_STR_TWOARRY?LIB_MYSPRING
  +--> ?PR?_MEM_READ?PROC_EXMEM
  +--> ?PR?_GET_METER_ID_ASCLEN?API_USER_COMM
  +--> ?PR?_API_GET_BILL_RECORD_ADDR?API_BIL...
  +--> ?PR?_API_GET_ENERGY_LCD?API_LCD_DISPLAY
  +--> ?PR?_LIB_BTOA?LIB_MYMATH
  +--> ?PR?_LIB_BCD_ASCA?LIB_MYMATH

?PR?_LIB_ASC_BCDA?LIB_MYMATH                     -----    -----      -----    -----      009EH    000AH
  +--> ?PR?_LIB_ATOB?LIB_MYMATH

?PR?_GET_IEC_COMM_VAR?API_USER_COMM              -----    -----      -----    -----      009EH    0006H
  +--> ?CO?API_USER_COMM

?PR?_LPREC_READ_1?API_LOADPROFILE                -----    -----      -----    -----      009EH    001AH
  +--> ?PR?_MEM_READ?PROC_EXMEM
  +--> ?PR?_LIB_BCD_ASCA?LIB_MYMATH

?PR?_LPREC_READ_BLOCK?API_LOADPROFILE            -----    -----      -----    -----      009EH    00E3H
  +--> ?PR?_MEM_READ?PROC_EXMEM
  +--> ?PR?_LIB_BCD_ASCA?LIB_MYMATH

?PR?_IEC_CMD_WRITE_DEAL?API_USER_COMM            -----    -----      -----    -----      0045H    0050H
  +--> ?PR?_LIB_ASC_BCDA?LIB_MYMATH
  +--> ?PR?_GET_IEC_COMM_VAR?API_USER_COMM
  +--> ?PR?SECURITYCK?API_USER_COMM
  +--> ?PR?_LIB_SET_STRING?LIB_MYSPRING
  +--> ?PR?_SET_RTCTIME?DRV_RTC
  +--> ?PR?_MEM_DB_WRITE?PROC_EXMEM
  +--> ?PR?_API_DEAL_EVEN_CLASS_RECODE?API_E...
  +--> ?PR?API_UPDATE_TRIFFNO_PRE_MINUTE?API...
  +--> ?PR?API_INIT_MD_DATA_RAM?API_DEMAND
  +--> ?PR?SAVE_EMU_ADJPARAM?LNK_EMU_ADJ
  +--> ?PR?API_CLR_CURRENT_MD_DATA?API_DEMAND
  +--> ?PR?API_CLR_EVEN_BY_COMM?API_EVENT
BL51 BANKED LINKER/LOCATER V6.22                                                      01/31/2019  14:05:10  PAGE 18


  +--> ?PR?LOADPRORST?API_LOADPROFILE
  +--> ?PR?PROC_CLR_METER?PROC_DATA
  +--> ?PR?OPEN_SECOUT?DRV_RTC
  +--> ?PR?CLOSE_SECOUT?DRV_RTC
  +--> ?PR?_MEM_DB_CLR?PROC_EXMEM
  +--> ?PR?_MEM_WRITE?PROC_EXMEM
  +--> ?PR?_MEM_READ?PROC_EXMEM
  +--> ?PR?_GET_ACK_ANSWER?IEC62056_21

?PR?SECURITYCK?API_USER_COMM                     -----    -----      -----    -----      0095H    0001H

?PR?SAVE_EMU_ADJPARAM?LNK_EMU_ADJ                -----    -----      -----    -----      -----    -----
  +--> ?PR?_LIB_GET_CSCK_INT16U_NUM?LIB_MYMATH
  +--> ?PR?_MEM_DB_WRITE?PROC_EXMEM

?PR?API_CLR_EVEN_BY_COMM?API_EVENT               -----    -----      -----    -----      0095H    00C1H
  +--> ?PR?_LIB_SET_STRING?LIB_MYSPRING
  +--> ?PR?_MEM_DB_WRITE?PROC_EXMEM
  +--> ?PR?_LIB_GET_CSCK_INT16U_NUM?LIB_MYMATH
  +--> ?CO?API_EVENT
  +--> ?PR?_MEM_WRITE?PROC_EXMEM

?PR?LOADPRORST?API_LOADPROFILE                   -----    -----      -----    -----      -----    -----
  +--> ?PR?_LIB_SET_STRING?LIB_MYSPRING
  +--> ?PR?_MEM_DB_WRITE?PROC_EXMEM

?PR?PROC_CLR_METER?PROC_DATA                     -----    -----      -----    -----      -----    -----
  +--> ?PR?API_CLR_CURRENT_ENERGY_DATA?API_E...
  +--> ?PR?API_CLR_CURRENT_MD_DATA?API_DEMAND
  +--> ?PR?API_CLR_BILL_DATA?API_BILL_RECORD

?PR?API_CLR_CURRENT_ENERGY_DATA?API_E...         -----    -----      -----    -----      -----    -----
  +--> ?PR?_LIB_SET_STRING?LIB_MYSPRING
  +--> ?PR?_LIB_GET_CSCK_INT16U_NUM?LIB_MYMATH
  +--> ?PR?_LIB_COPY_STR_TWOARRY?LIB_MYSPRING
  +--> ?PR?_MEM_DB_WRITE?PROC_EXMEM

?PR?API_CLR_BILL_DATA?API_BILL_RECORD            -----    -----      -----    -----      0095H    0009H
  +--> ?PR?_LIB_CLR_STRING?LIB_MYSPRING
  +--> ?PR?_MEM_DB_WRITE?PROC_EXMEM
  +--> ?PR?_MEM_FILL?PROC_EXMEM

?PR?_MEM_DB_CLR?PROC_EXMEM                       -----    -----      -----    -----      0095H    0007H
  +--> ?CO?PROC_EXMEM
  +--> ?PR?_MEM_WRITE?PROC_EXMEM

?PR?_LNK_TX_COMM_READY?API_USER_COMM             -----    -----      -----    -----      0002H    0004H
  +--> ?PR?_TX_UART_FRIST?DRV_UART

?PR?_TX_UART_FRIST?DRV_UART                      -----    -----      -----    -----      0006H    0008H
  +--> ?PR?_INIT_UART2_HARD?DRV_UART
  +--> ?PR?DIS_UART2_RX?DRV_UART
  +--> ?PR?EN_UART2_TX?DRV_UART
  +--> ?PR?_INIT_UART4_HARD?DRV_UART
  +--> ?PR?DIS_UART4_RX?DRV_UART
  +--> ?PR?EN_UART4_TX?DRV_UART

BL51 BANKED LINKER/LOCATER V6.22                                                      01/31/2019  14:05:10  PAGE 19


?PR?PROC_HANDL_TOU_1S?PROC_SYSTEM_TOU            -----    -----      -----    -----      -----    -----
  +--> ?PR?PROC_GET_CLOCK?PROC_SYSTEM_TOU
  +--> ?PR?CHECK_EMU_PER_SECOND?LNK_EMU_HANDL
  +--> ?PR?API_MEASURE_DEAL_PRE_SECOND?API_M...
  +--> ?PR?API_UPDATA_MD_VAR_MIN_PER_SECOND?...
  +--> ?PR?API_ACCUM_CURRENT_ENERGY_DATA_PRE...
  +--> ?PR?API_UPDATED_LCDDISPLAYITEM_PER_SE...
  +--> ?PR?API_UPDATED_LCDDISPLAYPIXEL_PER_S...
  +--> ?PR?API_UPDATED_BG_PER_SECOND?API_LCD...
  +--> ?PR?PROC_CHECK_PROKEY_PRE_SEC?PROC_SY...
  +--> ?PR?API_MEASURE_VBAT_PRE_MIN?API_MEASURE
  +--> ?PR?API_EVEN_DETECT_SEC?API_EVENT
  +--> ?PR?API_UPDATA_MD_VAR_SLID_PER_MINUTE...
  +--> ?PR?API_UPDATE_TRIFFNO_PRE_MINUTE?API...
  +--> ?PR?API_HANDL_SETTLE_PER_MINUTE?API_B...
  +--> ?PR?LOADPRO_REC?API_LOADPROFILE
  +--> ?PR?API_MEASURE_TEMPERATURE_PRE_MIN?A...

?PR?CHECK_EMU_PER_SECOND?LNK_EMU_HANDL           -----    -----      -----    -----      0000H    0004H
  +--> ?PR?_SETMETERCFGACK?DRV_EMU_HARD
  +--> ?PR?_READMETERPARAACK?DRV_EMU_HARD
  +--> ?PR?CHECK_EMU_ADJPARAM?LNK_EMU_ADJ

?PR?CHECK_EMU_ADJPARAM?LNK_EMU_ADJ               -----    -----      -----    -----      002FH    0010H
  +--> ?PR?GET_EMU_ADJPARAM?LNK_EMU_ADJ
  +--> ?CO?LNK_EMU_ADJ
  +--> ?PR?_READMETERPARAACK?DRV_EMU_HARD
  +--> ?PR?_SETMETERCFGACK?DRV_EMU_HARD

?PR?API_MEASURE_DEAL_PRE_SECOND?API_M...         -----    -----      -----    -----      0000H    0008H
  +--> ?PR?CHECKPOWERUP?PROC_SYSTEM_CHECK
  +--> ?PR?API_MEASURE_RAM_INIT?API_MEASURE
  +--> ?PR?_LNK_CAL_EMU_CONSTSUM_PER_SECOND?...
  +--> ?PR?_LNK_GET_EMU_VOLTAGE?LNK_EMU_HANDL
  +--> ?PR?_LNK_GET_EMU_CURRENT?LNK_EMU_HANDL
  +--> ?PR?_LNK_GET_EMU_ACTIVEPOWER?LNK_EMU_...
  +--> ?PR?_LNK_GET_EMU_FREQ?LNK_EMU_HANDL

?PR?_LNK_CAL_EMU_CONSTSUM_PER_SECOND?...         -----    -----      -----    -----      0008H    0014H
  +--> ?PR?_READMETERPARAACK?DRV_EMU_HARD
  +--> ?PR?_SETMETERCFGACK?DRV_EMU_HARD

?PR?_LNK_GET_EMU_VOLTAGE?LNK_EMU_HANDL           -----    -----      -----    -----      0008H    0008H
  +--> ?PR?_READMETERPARAACK?DRV_EMU_HARD

?PR?_LNK_GET_EMU_CURRENT?LNK_EMU_HANDL           -----    -----      -----    -----      0008H    000DH
  +--> ?PR?_READMETERPARAACK?DRV_EMU_HARD

?PR?_LNK_GET_EMU_ACTIVEPOWER?LNK_EMU_...         -----    -----      -----    -----      0008H    0009H
  +--> ?PR?_READMETERPARAACK?DRV_EMU_HARD
  +--> ?CO?LNK_EMU_ADJ

?PR?_LNK_GET_EMU_FREQ?LNK_EMU_HANDL              -----    -----      -----    -----      0008H    0004H
  +--> ?PR?_READMETERPARAACK?DRV_EMU_HARD

?PR?API_UPDATA_MD_VAR_MIN_PER_SECOND?...         -----    -----      -----    -----      0000H    0001H
  +--> ?PR?LNK_UPDATA_MD_VAR_POWER_PER_SECON...
BL51 BANKED LINKER/LOCATER V6.22                                                      01/31/2019  14:05:10  PAGE 20



?PR?LNK_UPDATA_MD_VAR_POWER_PER_SECON...         -----    -----      -----    -----      0001H    0001H
  +--> ?PR?SYS_ERR?PROC_SYSTEM_INITIALIZE

?PR?API_ACCUM_CURRENT_ENERGY_DATA_PRE...         -----    -----      -----    -----      0000H    0002H
  +--> ?PR?CHECKPOWERUP?PROC_SYSTEM_CHECK
  +--> ?PR?API_CHECK_CURRENT_ENERGY_DATA?API...
  +--> ?PR?LNK_ADD_ENERGY_PLUSE?API_ENERGY
  +--> ?PR?_LIB_GET_CSCK_INT16U_NUM?LIB_MYMATH
  +--> ?PR?_LIB_COPY_STR_TWOARRY?LIB_MYSPRING
  +--> ?PR?_MEM_DB_WRITE?PROC_EXMEM

?PR?LNK_ADD_ENERGY_PLUSE?API_ENERGY              -----    -----      -----    -----      0002H    0001H

?PR?API_UPDATED_LCDDISPLAYITEM_PER_SE...         -----    -----      -----    -----      -----    -----
  +--> ?PR?API_GET_NEXT_DIS_ITEM?API_LCD_DIS...

?PR?PROC_CHECK_PROKEY_PRE_SEC?PROC_SY...         -----    -----      -----    -----      -----    -----
  +--> ?PR?JUDGE_ERR_ADJ_KEY?DRV_KEY_IO
  +--> ?PR?HARDWARE_ADJUSTDIV_SUB?LNK_EMU_ADJ

?PR?HARDWARE_ADJUSTDIV_SUB?LNK_EMU_ADJ           -----    -----      -----    -----      0000H    0026H
  +--> ?CO?LNK_EMU_ADJ
  +--> ?PR?_GET_ORIGINAL_POWER?LNK_EMU_ADJ
  +--> ?PR?SAVE_EMU_ADJPARAM?LNK_EMU_ADJ
  +--> ?PR?CHECK_EMU_ADJPARAM?LNK_EMU_ADJ
  +--> ?PR?_API_CHG_LCDDISPLAY_ADJ_ITEM?API_...
  +--> ?PR?_SOFTADJUST_IB_PROCESS?LNK_EMU_ADJ
  +--> ?PR?_LIB_DELAY_MS?LIB_MYTIMER
  +--> ?PR?_READMETERPARAACK?DRV_EMU_HARD
  +--> ?PR?_SOFTADJUST_PHASE_PROCESS?LNK_EMU...
  +--> ?PR?_SOFTADJUST_IB5_PROCESS?LNK_EMU_ADJ
  +--> ?PR?PROC_CLR_METER?PROC_DATA

?PR?_GET_ORIGINAL_POWER?LNK_EMU_ADJ              -----    -----      -----    -----      002FH    000FH
  +--> ?PR?_READMETERPARAACK?DRV_EMU_HARD

?PR?_API_CHG_LCDDISPLAY_ADJ_ITEM?API_...         -----    -----      -----    -----      -----    -----
  +--> ?PR?API_UPDATED_LCDDISPLAYPIXEL_PER_S...

?PR?_SOFTADJUST_IB_PROCESS?LNK_EMU_ADJ           -----    -----      -----    -----      0026H    0009H
  +--> ?PR?_SETMETERCFGACK?DRV_EMU_HARD
  +--> ?PR?_GET_ORIGINAL_POWER?LNK_EMU_ADJ
  +--> ?PR?_CALCULATESC?LNK_EMU_ADJ
  +--> ?PR?SAVE_EMU_ADJPARAM?LNK_EMU_ADJ
  +--> ?PR?CHECK_EMU_ADJPARAM?LNK_EMU_ADJ

?PR?_CALCULATESC?LNK_EMU_ADJ                     -----    -----      -----    -----      002FH    001CH
  +--> ?PR?_FLOOR?FLOOR

?PR?_FLOOR?FLOOR                                 -----    -----      -----    -----      004BH    0008H

?PR?_SOFTADJUST_PHASE_PROCESS?LNK_EMU...         -----    -----      -----    -----      0026H    0009H
  +--> ?PR?_SETMETERCFGACK?DRV_EMU_HARD
  +--> ?PR?_GET_ORIGINAL_POWER?LNK_EMU_ADJ
  +--> ?PR?_CALCULATEAC?LNK_EMU_ADJ
  +--> ?PR?SAVE_EMU_ADJPARAM?LNK_EMU_ADJ
BL51 BANKED LINKER/LOCATER V6.22                                                      01/31/2019  14:05:10  PAGE 21


  +--> ?PR?CHECK_EMU_ADJPARAM?LNK_EMU_ADJ

?PR?_CALCULATEAC?LNK_EMU_ADJ                     -----    -----      -----    -----      002FH    000BH

?PR?_SOFTADJUST_IB5_PROCESS?LNK_EMU_ADJ          0020H.0  0000H.1    -----    -----      0026H    0009H
  +--> ?PR?_SETMETERCFGACK?DRV_EMU_HARD
  +--> ?PR?_GET_ORIGINAL_POWER?LNK_EMU_ADJ
  +--> ?PR?_CALCULATEAC?LNK_EMU_ADJ
  +--> ?PR?SAVE_EMU_ADJPARAM?LNK_EMU_ADJ
  +--> ?PR?CHECK_EMU_ADJPARAM?LNK_EMU_ADJ

?PR?API_EVEN_DETECT_SEC?API_EVENT                -----    -----      -----    -----      -----    -----
  +--> ?PR?CHECKPOWERUP?PROC_SYSTEM_CHECK
  +--> ?PR?API_EVEN_DETECT_LOWBATTERY?API_EVENT
  +--> ?PR?_API_DEAL_EVEN_CLASS_RECODE?API_E...
  +--> ?PR?API_EVEN_DETECT_L1REVERSE?API_EVENT
  +--> ?PR?JUDGE_ERR_COVER_KEY?DRV_KEY_IO

?PR?API_UPDATA_MD_VAR_SLID_PER_MINUTE...         -----    -----      -----    -----      0000H    0006H
  +--> ?PR?_API_CHECK_DEMAND_PARA?API_DEMAND
  +--> ?PR?_API_CMP_SAVE_MD_DATA?API_DEMAND

?PR?_API_CMP_SAVE_MD_DATA?API_DEMAND             -----    -----      -----    -----      0006H    000FH
  +--> ?PR?_MEM_READ?PROC_EXMEM
  +--> ?PR?_MEM_DB_WRITE?PROC_EXMEM

?PR?API_HANDL_SETTLE_PER_MINUTE?API_B...         -----    -----      -----    -----      0000H    0006H
  +--> ?PR?_MEM_READ?PROC_EXMEM
  +--> ?PR?_LIB_BCD_BYTE?LIB_MYMATH
  +--> ?PR?_API_WRITE_BILL_DATA?API_BILL_RECORD

?PR?LOADPRO_REC?API_LOADPROFILE                  -----    -----      -----    -----      0000H    0006H
  +--> ?PR?_MEM_READ?PROC_EXMEM
  +--> ?PR?_LIB_BCD2_WORD?LIB_MYMATH
  +--> ?PR?_LIB_BCD_BYTE?LIB_MYMATH
  +--> ?PR?_LOAD_REC?API_LOADPROFILE

?PR?_LIB_BCD2_WORD?LIB_MYMATH                    -----    -----      -----    -----      -----    -----
  +--> ?PR?_LIB_BCD_BYTE?LIB_MYMATH

?PR?_LOAD_REC?API_LOADPROFILE                    -----    -----      -----    -----      0006H    001AH
  +--> ?PR?_LIB_SET_STRING?LIB_MYSPRING
  +--> ?PR?_LIB_COPY_STR_TWOARRY?LIB_MYSPRING
  +--> ?PR?_API_GET_ENERGY_LCD?API_LCD_DISPLAY
  +--> ?PR?_LIB_LONG_BCD4?LIB_MYMATH
  +--> ?PR?_MEM_READ?PROC_EXMEM
  +--> ?PR?_MEM_DB_WRITE?PROC_EXMEM
  +--> ?PR?_MEM_WRITE?PROC_EXMEM

?PR?PROC_JUDGE_POWER_DOWN_PROCESS?PRO...         -----    -----      -----    -----      -----    -----
  +--> ?PR?CHECKPOWERUP?PROC_SYSTEM_CHECK
  +--> ?PR?_LIB_DELAY_MS?LIB_MYTIMER
  +--> ?PR?E2P_IIC_INITAIL?DRV_E2P_I2CSOFT
  +--> ?PR?E2P_STOP_I2C?DRV_E2P_I2CSOFT
  +--> ?PR?_MEM_DB_WRITE?PROC_EXMEM
  +--> ?PR?_API_DEAL_EVEN_CLASS_RECODE?API_E...
  +--> ?PR?API_MEASURE_RAM_INIT?API_MEASURE
BL51 BANKED LINKER/LOCATER V6.22                                                      01/31/2019  14:05:10  PAGE 22


  +--> ?PR?INIT_GPIO_SLEEP?DRV_GPIO
  +--> ?PR?API_HANDL_DIS_SLEEP?API_LCD_DISPLAY
  +--> ?PR?SYS_ERR?PROC_SYSTEM_INITIALIZE
  +--> ?PR?_SETEXTRTC?DRV_RTC
  +--> ?PR?SET_MCUSLEEP?DRV_CORE

*** NEW ROOT ***************************************************

?PR?INTERRUPT_INT1?PROC_SYSTEM_INTERRUPT         -----    -----      -----    -----      -----    -----
  +--> ?PR?JUDGE_DIS_KEY?DRV_KEY_IO

*** NEW ROOT ***************************************************

?PR?INTERRUPT_EXINT2?PROC_SYSTEM_INTE...         -----    -----      -----    -----      02B5H    0002H
  +--> ?PR?EN_UART2_RX?DRV_UART
  +--> ?PR?_INIT_UART_SOFT?DRV_UART
  +--> ?PR?EN_UART4_RX?DRV_UART



SYMBOL TABLE OF MODULE:  DL03C_V9811A_V01 (?C_STARTUP)

  VALUE           TYPE          NAME
  ----------------------------------

  -------         MODULE        ?C_STARTUP
  C:AAE7H         SEGMENT       ?C_C51STARTUP
  I:0021H         SEGMENT       ?STACK
  C:0000H         PUBLIC        ?C_STARTUP
  D:00E0H         SYMBOL        ACC
  D:00F0H         SYMBOL        B
  D:0083H         SYMBOL        DPH
  D:0082H         SYMBOL        DPL
  N:0000H         SYMBOL        IBPSTACK
  N:0100H         SYMBOL        IBPSTACKTOP
  N:0080H         SYMBOL        IDATALEN
  N:0000H         SYMBOL        PBPSTACK
  N:0000H         SYMBOL        PBPSTACKTOP
  N:0000H         SYMBOL        PDATALEN
  N:0000H         SYMBOL        PDATASTART
  N:0000H         SYMBOL        PPAGE
  N:0000H         SYMBOL        PPAGEENABLE
  D:00A0H         SYMBOL        PPAGE_SFR
  D:0081H         SYMBOL        SP
  C:AAE7H         SYMBOL        STARTUP1
  N:0000H         SYMBOL        XBPSTACK
  N:0000H         SYMBOL        XBPSTACKTOP
  N:0000H         SYMBOL        XDATALEN
  N:0000H         SYMBOL        XDATASTART
  C:0600H         LINE#         83
  C:0000H         LINE#         98
  C:AAE7H         LINE#         156
  C:AAEAH         LINE#         160
  -------         ENDMOD        ?C_STARTUP

  -------         MODULE        MAIN
  C:0000H         SYMBOL        _ICE_DUMMY_
BL51 BANKED LINKER/LOCATER V6.22                                                      01/31/2019  14:05:10  PAGE 23


  D:00CEH         PUBLIC        wdt0
  D:0090H         PUBLIC        P1
  D:00CFH         PUBLIC        wdt1
  D:00B0H         PUBLIC        P3
  B:00A8H.7       PUBLIC        EA
  D:00A8H         PUBLIC        IE
  D:00B8H         PUBLIC        IP
  C:BCAFH         PUBLIC        main
  D:0098H         PUBLIC        SCON
  D:0088H         PUBLIC        TCON
  D:00F0H         PUBLIC        B
  D:00E0H         PUBLIC        ACC
  D:0080H         PUBLIC        SysCtrl
  D:00C8H         PUBLIC        T2CON
  X:069EH         PUBLIC        debug_tmp1
  D:00D0H         PUBLIC        PSW
  -------         PROC          MAIN
  C:BCAFH         LINE#         30
  C:BCAFH         LINE#         31
  C:BCAFH         LINE#         32
  C:BCB0H         LINE#         33
  C:BCBEH         LINE#         34
  C:BCC0H         LINE#         35
  C:BCC3H         LINE#         36
  C:BCC5H         LINE#         37
  C:BCC6H         LINE#         39
  C:BCC6H         LINE#         40
  C:BCC6H         LINE#         41
  C:BCD4H         LINE#         44
  C:BCD7H         LINE#         46
  C:BCDFH         LINE#         47
  C:BCDFH         LINE#         48
  C:BCE2H         LINE#         49
  C:BCE5H         LINE#         50
  C:BCE5H         LINE#         52
  C:BCEDH         LINE#         53
  C:BCEDH         LINE#         54
  C:BCF0H         LINE#         55
  C:BCF3H         LINE#         56
  C:BCF3H         LINE#         66
  C:BCF6H         LINE#         68
  -------         ENDPROC       MAIN
  -------         ENDMOD        MAIN

  -------         MODULE        PROC_DATA
  C:0000H         SYMBOL        _ICE_DUMMY_
  D:00CEH         PUBLIC        wdt0
  D:0090H         PUBLIC        P1
  D:00CFH         PUBLIC        wdt1
  D:00B0H         PUBLIC        P3
  D:00A8H         PUBLIC        IE
  D:00B8H         PUBLIC        IP
  D:0098H         PUBLIC        SCON
  D:0088H         PUBLIC        TCON
  C:BF28H         PUBLIC        Proc_clr_meter
  D:00F0H         PUBLIC        B
  D:00E0H         PUBLIC        ACC
BL51 BANKED LINKER/LOCATER V6.22                                                      01/31/2019  14:05:10  PAGE 24


  C:B73EH         PUBLIC        default_meter_parm1_tab
  X:065EH         PUBLIC        gs_sys_run
  D:0080H         PUBLIC        SysCtrl
  D:00C8H         PUBLIC        T2CON
  C:C6B3H         PUBLIC        Proc_sys_data_init
  C:B72FH         PUBLIC        sys_parm
  D:00D0H         PUBLIC        PSW
  X:0660H         PUBLIC        gs_sys_globaL_var
  -------         PROC          PROC_SYS_DATA_INIT
  C:C6B3H         LINE#         77
  C:C6B3H         LINE#         78
  C:C6B3H         LINE#         79
  C:C6B8H         LINE#         80
  C:C6BAH         LINE#         81
  C:C6C0H         LINE#         82
  -------         ENDPROC       PROC_SYS_DATA_INIT
  -------         PROC          PROC_CLR_METER
  C:BF28H         LINE#         99
  C:BF28H         LINE#         100
  C:BF28H         LINE#         102
  C:BF36H         LINE#         103
  C:BF39H         LINE#         104
  C:BF47H         LINE#         105
  C:BF4AH         LINE#         106
  C:BF58H         LINE#         107
  C:BF5BH         LINE#         108
  C:BF69H         LINE#         109
  -------         ENDPROC       PROC_CLR_METER
  -------         ENDMOD        PROC_DATA

  -------         MODULE        PROC_EXMEM
  C:0000H         SYMBOL        _ICE_DUMMY_
  D:00CEH         PUBLIC        wdt0
  D:0090H         PUBLIC        P1
  D:00CFH         PUBLIC        wdt1
  D:00B0H         PUBLIC        P3
  C:9513H         PUBLIC        _mem_db_clr
  D:00A8H         PUBLIC        IE
  C:939CH         PUBLIC        _get_mem_ck_data
  D:00B8H         PUBLIC        IP
  C:8A5BH         PUBLIC        _mem_to_mem
  C:827CH         PUBLIC        _get_default_mem_data
  C:A68BH         PUBLIC        _get_mem_table_Index
  C:A94BH         PUBLIC        mem_table
  D:0098H         PUBLIC        SCON
  D:0088H         PUBLIC        TCON
  C:A56EH         PUBLIC        _mem_read
  D:00F0H         PUBLIC        B
  D:00E0H         PUBLIC        ACC
  C:6172H         PUBLIC        mem_db_check
  C:9F62H         PUBLIC        _mem_fill
  C:A15CH         PUBLIC        _mem_write
  D:0080H         PUBLIC        SysCtrl
  D:00C8H         PUBLIC        T2CON
  C:7F41H         PUBLIC        _mem_db_write
  D:00D0H         PUBLIC        PSW
  C:9393H         SYMBOL        L?0087
BL51 BANKED LINKER/LOCATER V6.22                                                      01/31/2019  14:05:10  PAGE 25


  C:9396H         SYMBOL        L?0088
  C:9398H         SYMBOL        L?0089
  -------         PROC          L?0086
  -------         ENDPROC       L?0086
  C:9393H         SYMBOL        L?0087
  C:9396H         SYMBOL        L?0088
  C:9398H         SYMBOL        L?0089
  -------         PROC          _GET_MEM_CK_DATA
  X:018AH         SYMBOL        src
  X:018CH         SYMBOL        lenth
  X:018EH         SYMBOL        memType
  -------         DO            
  X:018FH         SYMBOL        size
  X:0190H         SYMBOL        tmpBuf
  X:0210H         SYMBOL        sum
  -------         ENDDO         
  C:939CH         LINE#         83
  C:93ADH         LINE#         84
  C:93ADH         LINE#         87
  C:93B7H         LINE#         89
  C:93CAH         LINE#         90
  C:93CAH         LINE#         91
  C:93D5H         LINE#         92
  C:93D5H         LINE#         93
  C:93D8H         LINE#         94
  C:93DAH         LINE#         96
  C:93DAH         LINE#         97
  C:93DCH         LINE#         98
  C:93DCH         LINE#         99
  C:9402H         LINE#         100
  C:9425H         LINE#         101
  C:9438H         LINE#         102
  C:9445H         LINE#         103
  C:9448H         LINE#         105
  C:9450H         LINE#         106
  -------         ENDPROC       _GET_MEM_CK_DATA
  -------         PROC          _GET_MEM_TABLE_INDEX
  X:018AH         SYMBOL        adr
  D:0005H         SYMBOL        memType
  -------         DO            
  D:0007H         SYMBOL        i
  D:0001H         SYMBOL        len
  X:018CH         SYMBOL        blkAddr
  -------         ENDDO         
  C:A68BH         LINE#         115
  C:A693H         LINE#         116
  C:A693H         LINE#         121
  C:A695H         LINE#         122
  C:A695H         LINE#         123
  C:A6A8H         LINE#         124
  C:A6A8H         LINE#         125
  C:A6ADH         LINE#         126
  C:A6ADH         LINE#         127
  C:A6B0H         LINE#         128
  C:A6B0H         LINE#         130
  C:A6B0H         LINE#         131
  C:A6CCH         LINE#         132
BL51 BANKED LINKER/LOCATER V6.22                                                      01/31/2019  14:05:10  PAGE 26


  C:A6CCH         LINE#         133
  C:A6DEH         LINE#         135
  C:A70FH         LINE#         136
  C:A70FH         LINE#         137
  C:A710H         LINE#         138
  C:A710H         LINE#         139
  C:A710H         LINE#         140
  C:A719H         LINE#         141
  C:A71BH         LINE#         142
  -------         ENDPROC       _GET_MEM_TABLE_INDEX
  C:8A4BH         SYMBOL        L?0085
  -------         PROC          L?0084
  -------         ENDPROC       L?0084
  C:8A4BH         SYMBOL        L?0085
  -------         PROC          _MEM_TO_MEM
  X:000CH         SYMBOL        dst
  X:000EH         SYMBOL        src
  X:0010H         SYMBOL        lenth
  X:0012H         SYMBOL        mode
  -------         DO            
  X:0013H         SYMBOL        tmp_Buffer
  X:0093H         SYMBOL        size
  -------         ENDDO         
  C:8A5BH         LINE#         148
  C:8A6FH         LINE#         149
  C:8A6FH         LINE#         153
  C:8A82H         LINE#         154
  C:8A82H         LINE#         155
  C:8A8EH         LINE#         156
  C:8A8EH         LINE#         157
  C:8A91H         LINE#         158
  C:8A93H         LINE#         160
  C:8A93H         LINE#         161
  C:8A95H         LINE#         162
  C:8A95H         LINE#         163
  C:8ABFH         LINE#         164
  C:8ACDH         LINE#         165
  C:8AF5H         LINE#         166
  C:8B09H         LINE#         167
  C:8B15H         LINE#         168
  C:8B23H         LINE#         169
  C:8B26H         LINE#         171
  -------         ENDPROC       _MEM_TO_MEM
  -------         PROC          _MEM_FILL
  X:009EH         SYMBOL        dst
  X:00A0H         SYMBOL        lenth
  D:0007H         SYMBOL        xx
  X:00A3H         SYMBOL        memType
  -------         DO            
  X:00A4H         SYMBOL        tmp_Buffer
  X:0124H         SYMBOL        size
  -------         ENDDO         
  C:9F62H         LINE#         177
  C:9F72H         LINE#         178
  C:9F72H         LINE#         182
  C:9F86H         LINE#         184
  C:9F96H         LINE#         185
[...]
  C:BA60H         LINE#         1128
  C:BA75H         LINE#         1129
  C:BA7CH         LINE#         1130
  C:BA84H         LINE#         1131
  C:BA84H         LINE#         1134
  -------         ENDPROC       _API_HANDL_COMM_FRAME_ERROR
  -------         PROC          _PROCESS_IEC62056_21
  X:0002H         SYMBOL        ch
  -------         DO            
  X:0003H         SYMBOL        buff_size
  X:0004H         SYMBOL        start_index
  X:0005H         SYMBOL        meterID_len
  X:0006H         SYMBOL        tmp_8u_01
  X:0016H         SYMBOL        tmp_8u_02
BL51 BANKED LINKER/LOCATER V6.22                                                      01/31/2019  14:05:10  PAGE 146


  X:0036H         SYMBOL        u16_badu
  -------         ENDDO         
  C:3154H         LINE#         1143
  C:3159H         LINE#         1144
  C:3159H         LINE#         1155
  C:3161H         LINE#         1157
  C:317BH         LINE#         1158
  C:317BH         LINE#         1160
  C:317BH         LINE#         1162
  C:3189H         LINE#         1163
  C:318EH         LINE#         1166
  C:31A4H         LINE#         1167
  C:31A4H         LINE#         1168
  C:31B2H         LINE#         1169
  C:31C0H         LINE#         1170
  C:31C0H         LINE#         1172
  C:31C4H         LINE#         1173
  C:31C4H         LINE#         1174
  C:31D2H         LINE#         1175
  C:31E0H         LINE#         1176
  C:31E0H         LINE#         1178
  C:31E4H         LINE#         1179
  C:31E4H         LINE#         1180
  C:31F2H         LINE#         1181
  C:3200H         LINE#         1182
  C:3200H         LINE#         1187
  C:320FH         LINE#         1188
  C:320FH         LINE#         1189
  C:3231H         LINE#         1190
  C:3239H         LINE#         1192
  C:3242H         LINE#         1193
  C:3242H         LINE#         1195
  C:3245H         LINE#         1197
  C:3245H         LINE#         1199
  C:3259H         LINE#         1200
  C:326BH         LINE#         1201
  C:327BH         LINE#         1202
  C:3280H         LINE#         1204
  C:32B4H         LINE#         1205
  C:32B4H         LINE#         1206
  C:32C3H         LINE#         1208
  C:32DFH         LINE#         1209
  C:32DFH         LINE#         1210
  C:32DFH         LINE#         1211
  C:32F5H         LINE#         1212
  C:32F5H         LINE#         1213
  C:32F8H         LINE#         1215
  C:32F8H         LINE#         1222
  C:3312H         LINE#         1223
  C:3322H         LINE#         1224
  C:333DH         LINE#         1226
  C:337BH         LINE#         1227
  C:337BH         LINE#         1228
  C:3381H         LINE#         1229
  C:3381H         LINE#         1230
  C:33ACH         LINE#         1231
  C:33ACH         LINE#         1232
BL51 BANKED LINKER/LOCATER V6.22                                                      01/31/2019  14:05:10  PAGE 147


  C:33B3H         LINE#         1233
  C:33B3H         LINE#         1234
  C:33DEH         LINE#         1235
  C:33DEH         LINE#         1236
  C:33F3H         LINE#         1237
  C:33FFH         LINE#         1238
  C:3402H         LINE#         1240
  C:3402H         LINE#         1242
  C:340AH         LINE#         1244
  C:340AH         LINE#         1245
  C:340AH         LINE#         1247
  C:340AH         LINE#         1248
  C:3420H         LINE#         1249
  C:3420H         LINE#         1250
  C:3423H         LINE#         1252
  C:3423H         LINE#         1253
  C:3448H         LINE#         1254
  C:3448H         LINE#         1255
  C:347BH         LINE#         1256
  C:3494H         LINE#         1257
  C:34A9H         LINE#         1258
  C:34BBH         LINE#         1259
  C:34BEH         LINE#         1261
  C:34BEH         LINE#         1262
  C:34D3H         LINE#         1263
  C:34D3H         LINE#         1264
  C:34D3H         LINE#         1265
  C:34D3H         LINE#         1267
  C:34D5H         LINE#         1269
  C:34D5H         LINE#         1270
  C:34EBH         LINE#         1271
  C:34EBH         LINE#         1272
  C:34EEH         LINE#         1274
  C:34EEH         LINE#         1275
  C:3513H         LINE#         1276
  C:3513H         LINE#         1278
  C:352EH         LINE#         1279
  C:3542H         LINE#         1280
  C:3542H         LINE#         1281
  C:3544H         LINE#         1283
  C:3544H         LINE#         1284
  C:3553H         LINE#         1285
  C:3555H         LINE#         1286
  C:3555H         LINE#         1288
  C:3555H         LINE#         1290
  C:3555H         LINE#         1291
  C:356AH         LINE#         1292
  C:356AH         LINE#         1294
  C:3580H         LINE#         1295
  C:3580H         LINE#         1297
  C:3583H         LINE#         1299
  C:3583H         LINE#         1301
  C:3583H         LINE#         1303
  C:3598H         LINE#         1304
  C:35ACH         LINE#         1305
  C:35BEH         LINE#         1306
  C:35D0H         LINE#         1307
BL51 BANKED LINKER/LOCATER V6.22                                                      01/31/2019  14:05:10  PAGE 148


  C:35D0H         LINE#         1308
  C:35E8H         LINE#         1309
  C:35E8H         LINE#         1310
  C:3600H         LINE#         1312
  C:3600H         LINE#         1313
  -------         ENDPROC       _PROCESS_IEC62056_21
  -------         PROC          _API_HANDL_COMM_PRE_10MS
  X:0001H         SYMBOL        ch
  C:ADE4H         LINE#         1328
  C:ADE9H         LINE#         1329
  C:ADE9H         LINE#         1331
  C:ADECH         LINE#         1333
  C:AE0AH         LINE#         1334
  C:AE0AH         LINE#         1336
  C:AE0DH         LINE#         1337
  C:AE0DH         LINE#         1339
  C:AE38H         LINE#         1340
  C:AE38H         LINE#         1342
  C:AE4BH         LINE#         1343
  C:AE5EH         LINE#         1344
  C:AE5EH         LINE#         1348
  -------         ENDPROC       _API_HANDL_COMM_PRE_10MS
  -------         ENDMOD        API_USER_COMM

  -------         MODULE        IEC62056_21
  C:0000H         SYMBOL        _ICE_DUMMY_
  D:0090H         PUBLIC        P1
  C:C2F3H         PUBLIC        _Get_Bcc_Chk
  D:00B0H         PUBLIC        P3
  C:B793H         PUBLIC        _IEC_Comm_Acknowledgement_Cmd_Judge
  D:00A8H         PUBLIC        IE
  D:00B8H         PUBLIC        IP
  C:0046H         PUBLIC        _Get_ACK_Answer
  C:7970H         PUBLIC        _IEC_Comm_Command_Cmd_Judge
  D:0098H         PUBLIC        SCON
  D:0088H         PUBLIC        TCON
  D:00F0H         PUBLIC        B
  C:912DH         PUBLIC        _Get_IEC_Comm_Operand_Answer
  D:00E0H         PUBLIC        ACC
  C:7A9FH         PUBLIC        _IEC_Comm_Request_Cmd_Judge
  D:0080H         PUBLIC        SysCtrl
  C:AA5FH         PUBLIC        _Get_IEC_Comm_Request_Cmd_Answer
  C:003EH         PUBLIC        _Get_Error_Answer
  D:00C8H         PUBLIC        T2CON
  D:00D0H         PUBLIC        PSW
  -------         PROC          _IEC_COMM_REQUEST_CMD_JUDGE
  X:0038H         SYMBOL        sptr
  D:0005H         SYMBOL        len
  X:003CH         SYMBOL        id_ptr
  X:003FH         SYMBOL        meter_id_lenth
  -------         DO            
  D:0007H         SYMBOL        i
  -------         ENDDO         
  C:7A9FH         LINE#         34
  C:7AAAH         LINE#         35
  C:7AAAH         LINE#         38
  C:7AAFH         LINE#         39
BL51 BANKED LINKER/LOCATER V6.22                                                      01/31/2019  14:05:10  PAGE 149


  C:7AAFH         LINE#         40
  C:7AC4H         LINE#         41
  C:7AD1H         LINE#         42
  C:7ADEH         LINE#         43
  C:7AEBH         LINE#         44
  C:7AF8H         LINE#         45
  C:7AFBH         LINE#         46
  C:7AFBH         LINE#         48
  C:7AFBH         LINE#         49
  C:7B10H         LINE#         50
  C:7B1DH         LINE#         51
  C:7B29H         LINE#         52
  C:7B29H         LINE#         53
  C:7B5BH         LINE#         54
  C:7B5BH         LINE#         55
  C:7B5EH         LINE#         56
  C:7B5EH         LINE#         57
  C:7B61H         LINE#         58
  C:7B84H         LINE#         59
  C:7BA4H         LINE#         60
  C:7BC9H         LINE#         62
  -------         ENDPROC       _IEC_COMM_REQUEST_CMD_JUDGE
  -------         PROC          _IEC_COMM_ACKNOWLEDGEMENT_CMD_JUDGE
  D:0001H         SYMBOL        sptr
  D:0005H         SYMBOL        len
  C:B793H         LINE#         81
  C:B793H         LINE#         82
  C:B793H         LINE#         83
  C:B79BH         LINE#         85
  C:B7A5H         LINE#         86
  C:B7B2H         LINE#         87
  C:B7C7H         LINE#         88
  C:B7DAH         LINE#         89
  C:B7E7H         LINE#         90
  C:B7F4H         LINE#         92
  C:B7F6H         LINE#         94
  -------         ENDPROC       _IEC_COMM_ACKNOWLEDGEMENT_CMD_JUDGE
  -------         PROC          _IEC_COMM_COMMAND_CMD_JUDGE
  X:0038H         SYMBOL        sptr
  X:003BH         SYMBOL        len
  -------         DO            
  X:003CH         SYMBOL        u8_a
  -------         ENDDO         
  C:7970H         LINE#         107
  C:7980H         LINE#         108
  C:7980H         LINE#         111
  C:798AH         LINE#         112
  C:79AEH         LINE#         114
  C:79E1H         LINE#         117
  C:79F7H         LINE#         118
  C:7A01H         LINE#         119
  C:7A0BH         LINE#         120
  C:7A15H         LINE#         121
  C:7A1FH         LINE#         122
  C:7A29H         LINE#         123
  C:7A33H         LINE#         124
  C:7A3DH         LINE#         125
BL51 BANKED LINKER/LOCATER V6.22                                                      01/31/2019  14:05:10  PAGE 150


  C:7A47H         LINE#         127
  C:7A58H         LINE#         128
  C:7A58H         LINE#         129
  C:7A58H         LINE#         130
  C:7A66H         LINE#         131
  C:7A66H         LINE#         133
  C:7A66H         LINE#         134
  C:7A74H         LINE#         135
  C:7A74H         LINE#         137
  C:7A74H         LINE#         138
  C:7A85H         LINE#         139
  C:7A85H         LINE#         142
  C:7A85H         LINE#         144
  C:7A85H         LINE#         145
  C:7A87H         LINE#         146
  C:7A87H         LINE#         152
  C:7A87H         LINE#         153
  C:7A9CH         LINE#         154
  -------         ENDPROC       _IEC_COMM_COMMAND_CMD_JUDGE
  -------         PROC          _GET_IEC_COMM_REQUEST_CMD_ANSWER
  X:0038H         SYMBOL        sptr
  X:003BH         SYMBOL        len
  X:003CH         SYMBOL        info_ptr
  -------         DO            
  D:0007H         SYMBOL        i
  -------         ENDDO         
  C:AA5FH         LINE#         175
  C:AA6FH         LINE#         176
  C:AA6FH         LINE#         179
  C:AA74H         LINE#         181
  C:AA80H         LINE#         182
  C:AA80H         LINE#         183
  C:AAAEH         LINE#         184
  C:AAB1H         LINE#         186
  C:AAD0H         LINE#         187
  -------         ENDPROC       _GET_IEC_COMM_REQUEST_CMD_ANSWER
  -------         PROC          _GET_IEC_COMM_OPERAND_ANSWER
  X:0038H         SYMBOL        sptr
  X:003BH         SYMBOL        len
  X:003CH         SYMBOL        info_ptr
  -------         DO            
  D:0007H         SYMBOL        i
  -------         ENDDO         
  C:912DH         LINE#         202
  C:913BH         LINE#         203
  C:913BH         LINE#         206
  C:914BH         LINE#         207
  C:915EH         LINE#         208
  C:9166H         LINE#         209
  C:916EH         LINE#         211
  C:917AH         LINE#         212
  C:917AH         LINE#         213
  C:91A8H         LINE#         214
  C:91ABH         LINE#         216
  C:91CAH         LINE#         217
  -------         ENDPROC       _GET_IEC_COMM_OPERAND_ANSWER
  -------         PROC          _GET_ERROR_ANSWER
BL51 BANKED LINKER/LOCATER V6.22                                                      01/31/2019  14:05:10  PAGE 151


  D:0001H         SYMBOL        sptr
  C:003EH         LINE#         232
  C:003EH         LINE#         233
  C:003EH         LINE#         234
  -------         ENDPROC       _GET_ERROR_ANSWER
  -------         PROC          _GET_ACK_ANSWER
  D:0001H         SYMBOL        sptr
  C:0046H         LINE#         249
  C:0046H         LINE#         250
  C:0046H         LINE#         251
  -------         ENDPROC       _GET_ACK_ANSWER
  -------         PROC          L?0052
  -------         ENDPROC       L?0052
  -------         PROC          _GET_BCC_CHK
  X:009EH         SYMBOL        yourBuf
  D:0005H         SYMBOL        StartID
  X:00A2H         SYMBOL        EndID
  -------         DO            
  D:0006H         SYMBOL        i
  D:0007H         SYMBOL        tmp
  -------         ENDDO         
  C:C2F3H         LINE#         265
  C:C2FEH         LINE#         266
  C:C2FEH         LINE#         270
  C:C300H         LINE#         271
  C:C30CH         LINE#         272
  C:C30CH         LINE#         273
  C:C321H         LINE#         274
  C:C324H         LINE#         275
  C:C324H         LINE#         276
  -------         ENDPROC       _GET_BCC_CHK
  -------         ENDMOD        IEC62056_21

  -------         MODULE        ?C?FPADD
  C:1AE9H         PUBLIC        ?C?FPADD
  C:1AE5H         PUBLIC        ?C?FPSUB
  -------         ENDMOD        ?C?FPADD

  -------         MODULE        ?C?FPMUL
  C:1BDAH         PUBLIC        ?C?FPMUL
  -------         ENDMOD        ?C?FPMUL

  -------         MODULE        ?C?FPDIV
  C:1CE3H         PUBLIC        ?C?FPDIV
  -------         ENDMOD        ?C?FPDIV

  -------         MODULE        ?C?FPCMP
  C:1D82H         PUBLIC        ?C?FPCMP
  C:1D80H         PUBLIC        ?C?FPCMP3
  -------         ENDMOD        ?C?FPCMP

  -------         MODULE        ?C?FCAST
  C:1DF7H         PUBLIC        ?C?FCASTC
  C:1DF2H         PUBLIC        ?C?FCASTI
  C:1DEDH         PUBLIC        ?C?FCASTL
  -------         ENDMOD        ?C?FCAST

BL51 BANKED LINKER/LOCATER V6.22                                                      01/31/2019  14:05:10  PAGE 152


  -------         MODULE        ?C?CASTF
  C:1E2BH         PUBLIC        ?C?CASTF
  -------         ENDMOD        ?C?CASTF

  -------         MODULE        SQRT
  C:9C24H         PUBLIC        _SQRT
  -------         ENDMOD        SQRT

  -------         MODULE        FLOOR
  C:885EH         PUBLIC        _floor
  -------         ENDMOD        FLOOR

  -------         MODULE        ?C?CLDPTR
  C:1EACH         PUBLIC        ?C?CLDPTR
  -------         ENDMOD        ?C?CLDPTR

  -------         MODULE        ?C?CLDOPTR
  C:1EC5H         PUBLIC        ?C?CLDOPTR
  -------         ENDMOD        ?C?CLDOPTR

  -------         MODULE        ?C?CILDPTR
  C:1EF2H         PUBLIC        ?C?CILDPTR
  -------         ENDMOD        ?C?CILDPTR

  -------         MODULE        ?C?CSTPTR
  C:1F14H         PUBLIC        ?C?CSTPTR
  -------         ENDMOD        ?C?CSTPTR

  -------         MODULE        ?C?CSTOPTR
  C:1F26H         PUBLIC        ?C?CSTOPTR
  -------         ENDMOD        ?C?CSTOPTR

  -------         MODULE        ?C?IMUL
  C:1F48H         PUBLIC        ?C?IMUL
  -------         ENDMOD        ?C?IMUL

  -------         MODULE        ?C?UIDIV
  C:1F5AH         PUBLIC        ?C?UIDIV
  -------         ENDMOD        ?C?UIDIV

  -------         MODULE        ?C?SIDIV
  C:1FAFH         PUBLIC        ?C?SIDIV
  -------         ENDMOD        ?C?SIDIV

  -------         MODULE        ?C?IILDX
  C:1FE5H         PUBLIC        ?C?IILDX
  -------         ENDMOD        ?C?IILDX

  -------         MODULE        ?C?ILDIX
  C:1FFBH         PUBLIC        ?C?ILDIX
  -------         ENDMOD        ?C?ILDIX

  -------         MODULE        ?C?ISTPTR
  C:2011H         PUBLIC        ?C?ISTPTR
  -------         ENDMOD        ?C?ISTPTR

  -------         MODULE        ?C?LMUL
BL51 BANKED LINKER/LOCATER V6.22                                                      01/31/2019  14:05:10  PAGE 153


  C:2030H         PUBLIC        ?C?LMUL
  -------         ENDMOD        ?C?LMUL

  -------         MODULE        ?C?ULDIV
  C:20BBH         PUBLIC        ?C?ULDIV
  -------         ENDMOD        ?C?ULDIV

  -------         MODULE        ?C?LNOT
  C:214DH         PUBLIC        ?C?LNOT
  -------         ENDMOD        ?C?LNOT

  -------         MODULE        ?C?LNEG
  C:215AH         PUBLIC        ?C?LNEG
  -------         ENDMOD        ?C?LNEG

  -------         MODULE        ?C?SLCMP
  C:2168H         PUBLIC        ?C?SLCMP
  -------         ENDMOD        ?C?SLCMP

  -------         MODULE        ?C?ULCMP
  C:217EH         PUBLIC        ?C?ULCMP
  -------         ENDMOD        ?C?ULCMP

  -------         MODULE        ?C?ULSHR
  C:218FH         PUBLIC        ?C?ULSHR
  -------         ENDMOD        ?C?ULSHR

  -------         MODULE        ?C?LSHL
  C:21A2H         PUBLIC        ?C?LSHL
  -------         ENDMOD        ?C?LSHL

  -------         MODULE        ?C?LLDPTR
  C:21B5H         PUBLIC        ?C?LLDPTR
  -------         ENDMOD        ?C?LLDPTR

  -------         MODULE        ?C?LLDXDATA
  C:21D5H         PUBLIC        ?C?LLDXDATA
  -------         ENDMOD        ?C?LLDXDATA

  -------         MODULE        ?C?LLDCODE
  C:21E1H         PUBLIC        ?C?LLDCODE
  -------         ENDMOD        ?C?LLDCODE

  -------         MODULE        ?C?LLDCODE0
  C:21F1H         PUBLIC        ?C?LLDCODE0
  -------         ENDMOD        ?C?LLDCODE0

  -------         MODULE        ?C?LSTXDATA
  C:2201H         PUBLIC        ?C?LSTXDATA
  -------         ENDMOD        ?C?LSTXDATA

  -------         MODULE        ?C?LSTKXDATA
  C:220DH         PUBLIC        ?C?LSTKXDATA
  -------         ENDMOD        ?C?LSTKXDATA

  -------         MODULE        ?C?OFFXADD
  C:223EH         PUBLIC        ?C?OFFXADD
BL51 BANKED LINKER/LOCATER V6.22                                                      01/31/2019  14:05:10  PAGE 154


  -------         ENDMOD        ?C?OFFXADD

  -------         MODULE        ?C?PSTPTR
  C:224AH         PUBLIC        ?C?PSTPTR
  -------         ENDMOD        ?C?PSTPTR

  -------         MODULE        ?C?ICASE
  C:2299H         PUBLIC        ?C?ICASE
  -------         ENDMOD        ?C?ICASE

  -------         MODULE        ?C?LCASE
  C:22C6H         PUBLIC        ?C?LCASE
  -------         ENDMOD        ?C?LCASE

  -------         MODULE        ?C?LIMUL
  C:2300H         PUBLIC        ?C?LIMUL
  -------         ENDMOD        ?C?LIMUL

  -------         MODULE        ?C?LLDIDATA
  C:232DH         PUBLIC        ?C?LLDIDATA
  -------         ENDMOD        ?C?LLDIDATA

  -------         MODULE        ?C?LLDPDATA
  C:2339H         PUBLIC        ?C?LLDPDATA
  -------         ENDMOD        ?C?LLDPDATA

  -------         MODULE        ?C?PSTIDATA
  C:2345H         PUBLIC        ?C?PSTIDATA
  -------         ENDMOD        ?C?PSTIDATA

  -------         MODULE        ?C?PSTXDATA
  C:234EH         PUBLIC        ?C?PSTXDATA
  -------         ENDMOD        ?C?PSTXDATA

  -------         MODULE        ?C?PSTPDATA
  C:2357H         PUBLIC        ?C?PSTPDATA
  -------         ENDMOD        ?C?PSTPDATA

Program Size: data=19.1 xdata=1695 code=51692
LINK/LOCATE RUN COMPLETE.  0 WARNING(S),  0 ERROR(S)
